******************************************************************************
            TI ARM Clang Linker Unix v4.0.4                    
******************************************************************************
>> Linked Tue Mar  3 23:55:31 2026

OUTPUT FILE NAME:   <main_project.out>
ENTRY POINT SYMBOL: "_c_int00_noargs"  address: 000038b1


MEMORY CONFIGURATION

         name            origin    length      used     unused   attr    fill
----------------------  --------  ---------  --------  --------  ----  --------
  FLASH                 00000000   00020000  00003cf8  0001c308  R  X
  SRAM                  20200000   00008000  00000435  00007bcb  RW X
  BCR_CONFIG            41c00000   000000ff  00000000  000000ff  R   
  BSL_CONFIG            41c00100   00000080  00000000  00000080  R   


SEGMENT ALLOCATION MAP

run origin  load origin   length   init length attrs members
----------  ----------- ---------- ----------- ----- -------
00000000    00000000    00003cf8   00003cf8    r-x
  00000000    00000000    000000c0   000000c0    r-- .intvecs
  000000c0    000000c0    000038f0   000038f0    r-x .text
  000039b0    000039b0    00000310   00000310    r-- .rodata
  00003cc0    00003cc0    00000038   00000038    r-- .cinit
20200000    20200000    00000235   00000000    rw-
  20200000    20200000    00000220   00000000    rw- .bss
  20200220    20200220    00000015   00000000    rw- .data
20207e00    20207e00    00000200   00000000    rw-
  20207e00    20207e00    00000200   00000000    rw- .stack


SECTION ALLOCATION MAP

 output                                  attributes/
section   page    origin      length       input sections
--------  ----  ----------  ----------   ----------------
.intvecs   0    00000000    000000c0     
                  00000000    000000c0     startup_mspm0g350x_ticlang.o (.intvecs)

.text      0    000000c0    000038f0     
                  000000c0    000026c0     empty.o (.text.main)
                  00002780    000003ac     empty.o (.text.lcd_draw_bar)
                  00002b2c    000001c0     empty.o (.text.lcd_fill_rect)
                  00002cec    000001ac     empty.o (.text.UART0_IRQHandler)
                  00002e98    000001a4     empty.o (.text.lcd_set_window)
                  0000303c    00000130     empty.o (.text.lcd_draw_string)
                  0000316c    00000104     driverlib.a : dl_timer.o (.text.DL_Timer_initFourCCPWMMode)
                  00003270    0000009a     libc.a : memcpy16.S.obj (.text:memcpy)
                  0000330a    00000002     startup_mspm0g350x_ticlang.o (.text.Default_Handler)
                  0000330c    0000007c     libc.a : copy_decompress_lzss.c.obj (.text:decompress:lzss)
                  00003388    00000074     ti_msp_dl_config.o (.text.SYSCFG_DL_PWM_0_init)
                  000033fc    00000070     ti_msp_dl_config.o (.text.SYSCFG_DL_PWM_1_init)
                  0000346c    00000068     ti_msp_dl_config.o (.text.SYSCFG_DL_GPIO_init)
                  000034d4    00000060     ti_msp_dl_config.o (.text.SYSCFG_DL_ADC12_0_init)
                  00003534    00000060     ti_msp_dl_config.o (.text.SYSCFG_DL_UART_0_init)
                  00003594    00000060     ti_msp_dl_config.o (.text.SYSCFG_DL_initPower)
                  000035f4    00000054     driverlib.a : dl_spi.o (.text.DL_SPI_fillTXFIFO8)
                  00003648    0000004c     ti_msp_dl_config.o (.text.SYSCFG_DL_SPI_0_init)
                  00003694    00000048     driverlib.a : dl_uart.o (.text.DL_UART_init)
                  000036dc    00000044                 : dl_spi.o (.text.DL_SPI_init)
                  00003720    00000044     ti_msp_dl_config.o (.text.SYSCFG_DL_init)
                  00003764    00000040     driverlib.a : dl_adc12.o (.text.DL_ADC12_setClockConfig)
                  000037a4    00000040     libclang_rt.builtins.a : aeabi_uidivmod.S.obj (.text.__aeabi_uidivmod)
                  000037e4    0000003c     libc.a : autoinit.c.obj (.text:__TI_auto_init_nobinit_nopinit)
                  00003820    00000032            : strstr.c.obj (.text.strstr)
                  00003852    00000002     libclang_rt.builtins.a : aeabi_div0.c.obj (.text.__aeabi_idiv0)
                  00003854    00000030     ti_msp_dl_config.o (.text.SYSCFG_DL_SYSCTL_init)
                  00003884    0000002c     empty.o (.text.ADC0_IRQHandler)
                  000038b0    00000028     libc.a : boot_cortex_m.c.obj (.text:_c_int00_noargs)
                  000038d8    0000001c     driverlib.a : dl_timer.o (.text.DL_Timer_setCaptCompUpdateMethod)
                  000038f4    0000001c                 : dl_timer.o (.text.DL_Timer_setClockConfig)
                  00003910    00000018                 : dl_timer.o (.text.DL_Timer_setCaptureCompareOutCtl)
                  00003928    00000016     libc.a : copy_zero_init.c.obj (.text:decompress:ZI:__TI_zero_init_nomemset)
                  0000393e    00000012     driverlib.a : dl_spi.o (.text.DL_SPI_setClockConfig)
                  00003950    00000012                 : dl_uart.o (.text.DL_UART_setClockConfig)
                  00003962    00000012     libc.a : copy_decompress_none.c.obj (.text:decompress:none)
                  00003974    00000010     driverlib.a : dl_timer.o (.text.DL_Timer_setCaptureCompareValue)
                  00003984    0000000a                 : dl_common.o (.text.DL_Common_delayCycles)
                  0000398e    00000002     --HOLE-- [fill = 0]
                  00003990    00000008     libclang_rt.builtins.a : aeabi_memcpy.S.obj (.text.__aeabi_memcpy)
                  00003998    00000006     libc.a : exit.c.obj (.text:abort)
                  0000399e    00000004     libsysbm.a : hostexit.c.obj (.text.HOSTexit)
                  000039a2    00000004     startup_mspm0g350x_ticlang.o (.text.Reset_Handler)
                  000039a6    00000004     libc.a : pre_init.c.obj (.text._system_pre_init)
                  000039aa    00000006     --HOLE-- [fill = 0]

.cinit     0    00003cc0    00000038     
                  00003cc0    00000012     (.cinit..data.load) [load image, compression = lzss]
                  00003cd2    00000002     --HOLE-- [fill = 0]
                  00003cd4    0000000c     (__TI_handler_table)
                  00003ce0    00000008     (.cinit..bss.load) [load image, compression = zero_init]
                  00003ce8    00000010     (__TI_cinit_table)

.rodata    0    000039b0    00000310     
                  000039b0    00000130     empty.o (.rodata..Lswitch.table.lcd_draw_string)
                  00003ae0    000000cd     empty.o (.rodata.font5x7)
                  00003bad    00000013     empty.o (.rodata.str1.9517790425240694019.1)
                  00003bc0    00000010     empty.o (.rodata..Lswitch.table.main.31)
                  00003bd0    0000000d     empty.o (.rodata.str1.15967779794922834835.1)
                  00003bdd    00000003     ti_msp_dl_config.o (.rodata.gPWM_0ClockConfig)
                  00003be0    0000000c     empty.o (.rodata.SIM_HW_POOL)
                  00003bec    0000000c     empty.o (.rodata.str1.150872071346279890.1)
                  00003bf8    0000000c     empty.o (.rodata.str1.17686411042290499047.1)
                  00003c04    0000000b     empty.o (.rodata.str1.7386103758396746866.1)
                  00003c0f    0000000b     empty.o (.rodata.str1.7401042497206923953.1)
                  00003c1a    0000000a     ti_msp_dl_config.o (.rodata.gSPI_0_config)
                  00003c24    0000000a     ti_msp_dl_config.o (.rodata.gUART_0Config)
                  00003c2e    00000002     ti_msp_dl_config.o (.rodata.gSPI_0_clockConfig)
                  00003c30    00000008     ti_msp_dl_config.o (.rodata.gADC12_0ClockConfig)
                  00003c38    00000008     ti_msp_dl_config.o (.rodata.gPWM_0Config)
                  00003c40    00000008     ti_msp_dl_config.o (.rodata.gPWM_1Config)
                  00003c48    00000008     empty.o (.rodata.str1.17669528882079347314.1)
                  00003c50    00000007     empty.o (.rodata.str1.11898133897667081452.1)
                  00003c57    00000007     empty.o (.rodata.str1.15706828512682300538.1)
                  00003c5e    00000007     empty.o (.rodata.str1.2196762768037919588.1)
                  00003c65    00000007     empty.o (.rodata.str1.254342170260855183.1)
                  00003c6c    00000006     empty.o (.rodata.str1.14685083708502177989.1)
                  00003c72    00000006     empty.o (.rodata.str1.16704889451495720520.1)
                  00003c78    00000006     empty.o (.rodata.str1.18230774644621384456.1)
                  00003c7e    00000006     empty.o (.rodata.str1.9410084661655729462.1)
                  00003c84    00000005     empty.o (.rodata.str1.11822412164550770238.1)
                  00003c89    00000005     empty.o (.rodata.str1.15170238581331914936.1)
                  00003c8e    00000005     empty.o (.rodata.str1.4000995719088696555.1)
                  00003c93    00000005     empty.o (.rodata.str1.5792233746214848027.1)
                  00003c98    00000005     empty.o (.rodata.str1.7079713434352825882.1)
                  00003c9d    00000004     empty.o (.rodata.str1.15930989295766594416.1)
                  00003ca1    00000004     empty.o (.rodata.str1.17102900359786703537.1)
                  00003ca5    00000004     empty.o (.rodata.str1.17676052816137622666.1)
                  00003ca9    00000004     empty.o (.rodata.str1.5100843677217179155.1)
                  00003cad    00000004     empty.o (.rodata.str1.6969777895189110550.1)
                  00003cb1    00000003     ti_msp_dl_config.o (.rodata.gPWM_1ClockConfig)
                  00003cb4    00000002     ti_msp_dl_config.o (.rodata.gUART_0ClockConfig)
                  00003cb6    00000002     empty.o (.rodata.str1.10059295903439925133.1)
                  00003cb8    00000002     empty.o (.rodata.str1.101204432782223354.1)
                  00003cba    00000002     empty.o (.rodata.str1.15486159998237592746.1)
                  00003cbc    00000004     --HOLE-- [fill = 0]

.init_array 
*          0    00000000    00000000     UNINITIALIZED

.binit     0    00000000    00000000     

.bss       0    20200000    00000220     UNINITIALIZED
                  20200000    000000bc     (.common:gPWM_0Backup)
                  202000bc    000000bc     (.common:gPWM_1Backup)
                  20200178    00000080     empty.o (.bss.gRxBuf)
                  202001f8    00000028     (.common:gSPI_0Backup)

.data      0    20200220    00000015     UNINITIALIZED
                  20200220    00000004     empty.o (.data.gEnergyEJ)
                  20200224    00000004     empty.o (.data.gHW)
                  20200228    00000002     empty.o (.data.gAdcResult)
                  2020022a    00000002     empty.o (.data.gClkMHz)
                  2020022c    00000002     empty.o (.data.gTempC)
                  2020022e    00000001     empty.o (.data.apply_simulation.sim_tick)
                  2020022f    00000001     empty.o (.data.gAdcReady)
                  20200230    00000001     empty.o (.data.gBudget)
                  20200231    00000001     empty.o (.data.gDisplayMode)
                  20200232    00000001     empty.o (.data.gNoRxCount)
                  20200233    00000001     empty.o (.data.gRxIdx)
                  20200234    00000001     empty.o (.data.gRxReady)

.stack     0    20207e00    00000200     UNINITIALIZED
                  20207e00    00000004     libc.a : boot_cortex_m.c.obj (.stack)
                  20207e04    000001fc     --HOLE--

__llvm_prf_cnts 
*          0    20200000    00000000     UNINITIALIZED

__llvm_prf_bits 
*          0    20200000    00000000     UNINITIALIZED

MODULE SUMMARY

       Module                         code    ro data   rw data
       ------                         ----    -------   -------
    ./
       empty.o                        12504   726       149    
       ti_msp_dl_config.o             812     54        416    
       startup_mspm0g350x_ticlang.o   6       192       0      
    +--+------------------------------+-------+---------+---------+
       Total:                         13322   972       565    
                                                               
    /home/noobiegg/ti/ccs2040/ccs/tools/compiler/ti-cgt-armllvm_4.0.4.LTS/lib/armv6m-ti-none-eabi/c/libc.a
       memcpy16.S.obj                 154     0         0      
       copy_decompress_lzss.c.obj     124     0         0      
       autoinit.c.obj                 60      0         0      
       strstr.c.obj                   50      0         0      
       boot_cortex_m.c.obj            40      0         0      
       copy_zero_init.c.obj           22      0         0      
       copy_decompress_none.c.obj     18      0         0      
       exit.c.obj                     6       0         0      
       pre_init.c.obj                 4       0         0      
    +--+------------------------------+-------+---------+---------+
       Total:                         478     0         0      
                                                               
    /home/noobiegg/ti/ccs2040/ccs/tools/compiler/ti-cgt-armllvm_4.0.4.LTS/lib/armv6m-ti-none-eabi/c/libsysbm.a
       hostexit.c.obj                 4       0         0      
    +--+------------------------------+-------+---------+---------+
       Total:                         4       0         0      
                                                               
    /home/noobiegg/ti/ccs2040/ccs/tools/compiler/ti-cgt-armllvm_4.0.4.LTS/lib/armv6m-ti-none-eabi/libclang_rt.builtins.a
       aeabi_uidivmod.S.obj           64      0         0      
       aeabi_memcpy.S.obj             8       0         0      
       aeabi_div0.c.obj               2       0         0      
    +--+------------------------------+-------+---------+---------+
       Total:                         74      0         0      
                                                               
    /home/noobiegg/ti/mspm0_sdk_2_08_00_03/source/ti/driverlib/lib/ticlang/m0p/mspm0g1x0x_g3x0x/driverlib.a
       dl_timer.o                     356     0         0      
       dl_spi.o                       170     0         0      
       dl_uart.o                      90      0         0      
       dl_adc12.o                     64      0         0      
       dl_common.o                    10      0         0      
    +--+------------------------------+-------+---------+---------+
       Total:                         690     0         0      
                                                               
       Stack:                         0       0         512    
       Linker Generated:              0       54        0      
    +--+------------------------------+-------+---------+---------+
       Grand Total:                   14568   1026      1077   


LINKER GENERATED COPY TABLES

__TI_cinit_table @ 00003ce8 records: 2, size/record: 8, table size: 16
	.data: load addr=00003cc0, load size=00000012 bytes, run addr=20200220, run size=00000015 bytes, compression=lzss
	.bss: load addr=00003ce0, load size=00000008 bytes, run addr=20200000, run size=00000220 bytes, compression=zero_init


LINKER GENERATED HANDLER TABLE

__TI_handler_table @ 00003cd4 records: 3, size/record: 4, table size: 12
	index: 0, handler: __TI_decompress_lzss
	index: 1, handler: __TI_decompress_none
	index: 2, handler: __TI_zero_init


GLOBAL SYMBOLS: SORTED ALPHABETICALLY BY Name 

address   name                            
-------   ----                            
00003885  ADC0_IRQHandler                 
0000330b  ADC1_IRQHandler                 
0000330b  AES_IRQHandler                  
0000399e  C$$EXIT                         
0000330b  CANFD0_IRQHandler               
0000330b  DAC0_IRQHandler                 
00003765  DL_ADC12_setClockConfig         
00003985  DL_Common_delayCycles           
000035f5  DL_SPI_fillTXFIFO8              
000036dd  DL_SPI_init                     
0000393f  DL_SPI_setClockConfig           
0000316d  DL_Timer_initFourCCPWMMode      
000038d9  DL_Timer_setCaptCompUpdateMethod
00003911  DL_Timer_setCaptureCompareOutCtl
00003975  DL_Timer_setCaptureCompareValue 
000038f5  DL_Timer_setClockConfig         
00003695  DL_UART_init                    
00003951  DL_UART_setClockConfig          
0000330b  DMA_IRQHandler                  
0000330b  Default_Handler                 
0000330b  GROUP0_IRQHandler               
0000330b  GROUP1_IRQHandler               
0000399f  HOSTexit                        
0000330b  HardFault_Handler               
0000330b  I2C0_IRQHandler                 
0000330b  I2C1_IRQHandler                 
0000330b  NMI_Handler                     
0000330b  PendSV_Handler                  
0000330b  RTC_IRQHandler                  
000039a3  Reset_Handler                   
0000330b  SPI0_IRQHandler                 
0000330b  SPI1_IRQHandler                 
0000330b  SVC_Handler                     
000034d5  SYSCFG_DL_ADC12_0_init          
0000346d  SYSCFG_DL_GPIO_init             
00003389  SYSCFG_DL_PWM_0_init            
000033fd  SYSCFG_DL_PWM_1_init            
00003649  SYSCFG_DL_SPI_0_init            
00003855  SYSCFG_DL_SYSCTL_init           
00003535  SYSCFG_DL_UART_0_init           
00003721  SYSCFG_DL_init                  
00003595  SYSCFG_DL_initPower             
0000330b  SysTick_Handler                 
0000330b  TIMA0_IRQHandler                
0000330b  TIMA1_IRQHandler                
0000330b  TIMG0_IRQHandler                
0000330b  TIMG12_IRQHandler               
0000330b  TIMG6_IRQHandler                
0000330b  TIMG7_IRQHandler                
0000330b  TIMG8_IRQHandler                
00002ced  UART0_IRQHandler                
0000330b  UART1_IRQHandler                
0000330b  UART2_IRQHandler                
0000330b  UART3_IRQHandler                
20208000  __STACK_END                     
00000200  __STACK_SIZE                    
00000000  __TI_ATRegion0_region_sz        
00000000  __TI_ATRegion0_src_addr         
00000000  __TI_ATRegion0_trg_addr         
00000000  __TI_ATRegion1_region_sz        
00000000  __TI_ATRegion1_src_addr         
00000000  __TI_ATRegion1_trg_addr         
00000000  __TI_ATRegion2_region_sz        
00000000  __TI_ATRegion2_src_addr         
00000000  __TI_ATRegion2_trg_addr         
00003ce8  __TI_CINIT_Base                 
00003cf8  __TI_CINIT_Limit                
00003cf8  __TI_CINIT_Warm                 
00003cd4  __TI_Handler_Table_Base         
00003ce0  __TI_Handler_Table_Limit        
000037e5  __TI_auto_init_nobinit_nopinit  
0000330d  __TI_decompress_lzss            
00003963  __TI_decompress_none            
ffffffff  __TI_pprof_out_hndl             
ffffffff  __TI_prof_data_size             
ffffffff  __TI_prof_data_start            
00000000  __TI_static_base__              
00003929  __TI_zero_init_nomemset         
00003853  __aeabi_idiv0                   
00003991  __aeabi_memcpy                  
00003991  __aeabi_memcpy4                 
00003991  __aeabi_memcpy8                 
000037a5  __aeabi_uidiv                   
000037a5  __aeabi_uidivmod                
ffffffff  __binit__                       
UNDEFED   __mpu_init                      
20207e00  __stack                         
20200000  __start___llvm_prf_bits         
20200000  __start___llvm_prf_cnts         
20200000  __stop___llvm_prf_bits          
20200000  __stop___llvm_prf_cnts          
000038b1  _c_int00_noargs                 
UNDEFED   _system_post_cinit              
000039a7  _system_pre_init                
00003999  abort                           
ffffffff  binit                           
2020022f  gAdcReady                       
20200228  gAdcResult                      
20200230  gBudget                         
2020022a  gClkMHz                         
20200220  gEnergyEJ                       
20200224  gHW                             
20200000  gPWM_0Backup                    
202000bc  gPWM_1Backup                    
20200234  gRxReady                        
202001f8  gSPI_0Backup                    
2020022c  gTempC                          
00000000  interruptVectors                
000000c1  main                            
00003271  memcpy                          
00003821  strstr                          


GLOBAL SYMBOLS: SORTED BY Symbol Address 

address   name                            
-------   ----                            
00000000  __TI_ATRegion0_region_sz        
00000000  __TI_ATRegion0_src_addr         
00000000  __TI_ATRegion0_trg_addr         
00000000  __TI_ATRegion1_region_sz        
00000000  __TI_ATRegion1_src_addr         
00000000  __TI_ATRegion1_trg_addr         
00000000  __TI_ATRegion2_region_sz        
00000000  __TI_ATRegion2_src_addr         
00000000  __TI_ATRegion2_trg_addr         
00000000  __TI_static_base__              
00000000  interruptVectors                
000000c1  main                            
00000200  __STACK_SIZE                    
00002ced  UART0_IRQHandler                
0000316d  DL_Timer_initFourCCPWMMode      
00003271  memcpy                          
0000330b  ADC1_IRQHandler                 
0000330b  AES_IRQHandler                  
0000330b  CANFD0_IRQHandler               
0000330b  DAC0_IRQHandler                 
0000330b  DMA_IRQHandler                  
0000330b  Default_Handler                 
0000330b  GROUP0_IRQHandler               
0000330b  GROUP1_IRQHandler               
0000330b  HardFault_Handler               
0000330b  I2C0_IRQHandler                 
0000330b  I2C1_IRQHandler                 
0000330b  NMI_Handler                     
0000330b  PendSV_Handler                  
0000330b  RTC_IRQHandler                  
0000330b  SPI0_IRQHandler                 
0000330b  SPI1_IRQHandler                 
0000330b  SVC_Handler                     
0000330b  SysTick_Handler                 
0000330b  TIMA0_IRQHandler                
0000330b  TIMA1_IRQHandler                
0000330b  TIMG0_IRQHandler                
0000330b  TIMG12_IRQHandler               
0000330b  TIMG6_IRQHandler                
0000330b  TIMG7_IRQHandler                
0000330b  TIMG8_IRQHandler                
0000330b  UART1_IRQHandler                
0000330b  UART2_IRQHandler                
0000330b  UART3_IRQHandler                
0000330d  __TI_decompress_lzss            
00003389  SYSCFG_DL_PWM_0_init            
000033fd  SYSCFG_DL_PWM_1_init            
0000346d  SYSCFG_DL_GPIO_init             
000034d5  SYSCFG_DL_ADC12_0_init          
00003535  SYSCFG_DL_UART_0_init           
00003595  SYSCFG_DL_initPower             
000035f5  DL_SPI_fillTXFIFO8              
00003649  SYSCFG_DL_SPI_0_init            
00003695  DL_UART_init                    
000036dd  DL_SPI_init                     
00003721  SYSCFG_DL_init                  
00003765  DL_ADC12_setClockConfig         
000037a5  __aeabi_uidiv                   
000037a5  __aeabi_uidivmod                
000037e5  __TI_auto_init_nobinit_nopinit  
00003821  strstr                          
00003853  __aeabi_idiv0                   
00003855  SYSCFG_DL_SYSCTL_init           
00003885  ADC0_IRQHandler                 
000038b1  _c_int00_noargs                 
000038d9  DL_Timer_setCaptCompUpdateMethod
000038f5  DL_Timer_setClockConfig         
00003911  DL_Timer_setCaptureCompareOutCtl
00003929  __TI_zero_init_nomemset         
0000393f  DL_SPI_setClockConfig           
00003951  DL_UART_setClockConfig          
00003963  __TI_decompress_none            
00003975  DL_Timer_setCaptureCompareValue 
00003985  DL_Common_delayCycles           
00003991  __aeabi_memcpy                  
00003991  __aeabi_memcpy4                 
00003991  __aeabi_memcpy8                 
00003999  abort                           
0000399e  C$$EXIT                         
0000399f  HOSTexit                        
000039a3  Reset_Handler                   
000039a7  _system_pre_init                
00003cd4  __TI_Handler_Table_Base         
00003ce0  __TI_Handler_Table_Limit        
00003ce8  __TI_CINIT_Base                 
00003cf8  __TI_CINIT_Limit                
00003cf8  __TI_CINIT_Warm                 
20200000  __start___llvm_prf_bits         
20200000  __start___llvm_prf_cnts         
20200000  __stop___llvm_prf_bits          
20200000  __stop___llvm_prf_cnts          
20200000  gPWM_0Backup                    
202000bc  gPWM_1Backup                    
202001f8  gSPI_0Backup                    
20200220  gEnergyEJ                       
20200224  gHW                             
20200228  gAdcResult                      
2020022a  gClkMHz                         
2020022c  gTempC                          
2020022f  gAdcReady                       
20200230  gBudget                         
20200234  gRxReady                        
20207e00  __stack                         
20208000  __STACK_END                     
ffffffff  __TI_pprof_out_hndl             
ffffffff  __TI_prof_data_size             
ffffffff  __TI_prof_data_start            
ffffffff  __binit__                       
ffffffff  binit                           
UNDEFED   __mpu_init                      
UNDEFED   _system_post_cinit              

[111 symbols]
