******************************************************************************
            TI ARM Clang Linker PC v4.0.4                      
******************************************************************************
>> Linked Sun Feb  1 00:59:21 2026

OUTPUT FILE NAME:   <main_project.out>
ENTRY POINT SYMBOL: "_c_int00_noargs"  address: 00003889


MEMORY CONFIGURATION

         name            origin    length      used     unused   attr    fill
----------------------  --------  ---------  --------  --------  ----  --------
  FLASH                 00000000   00020000  00003b48  0001c4b8  R  X
  SRAM                  20200000   00008000  000003a4  00007c5c  RW X
  BCR_CONFIG            41c00000   000000ff  00000000  000000ff  R   
  BSL_CONFIG            41c00100   00000080  00000000  00000080  R   


SEGMENT ALLOCATION MAP

run origin  load origin   length   init length attrs members
----------  ----------- ---------- ----------- ----- -------
00000000    00000000    00003b48   00003b48    r-x
  00000000    00000000    000000c0   000000c0    r-- .intvecs
  000000c0    000000c0    000038c8   000038c8    r-x .text
  00003988    00003988    00000190   00000190    r-- .rodata
  00003b18    00003b18    00000030   00000030    r-- .cinit
20200000    20200000    000001a4   00000000    rw-
  20200000    20200000    000001a0   00000000    rw- .bss
  202001a0    202001a0    00000004   00000000    rw- .data
20207e00    20207e00    00000200   00000000    rw-
  20207e00    20207e00    00000200   00000000    rw- .stack


SECTION ALLOCATION MAP

 output                                  attributes/
section   page    origin      length       input sections
--------  ----  ----------  ----------   ----------------
.intvecs   0    00000000    000000c0     
                  00000000    000000c0     startup_mspm0g350x_ticlang.o (.intvecs)

.text      0    000000c0    000038c8     
                  000000c0    00001c28     empty.o (.text.display_meter_screen)
                  00001ce8    00000848     empty.o (.text.send_sensor_data)
                  00002530    000007a0     empty.o (.text.main)
                  00002cd0    000003e0     empty.o (.text.lcd_draw_string)
                  000030b0    000001a4     empty.o (.text.lcd_set_window)
                  00003254    00000104     driverlib.a : dl_timer.o (.text.DL_Timer_initFourCCPWMMode)
                  00003358    0000009a     libc.a : memcpy16.S.obj (.text:memcpy)
                  000033f2    00000002     startup_mspm0g350x_ticlang.o (.text.Default_Handler)
                  000033f4    0000007c     libc.a : copy_decompress_lzss.c.obj (.text:decompress:lzss)
                  00003470    00000074     ti_msp_dl_config.o (.text.SYSCFG_DL_PWM_0_init)
                  000034e4    00000070     ti_msp_dl_config.o (.text.SYSCFG_DL_PWM_1_init)
                  00003554    00000068     ti_msp_dl_config.o (.text.SYSCFG_DL_GPIO_init)
                  000035bc    00000060     ti_msp_dl_config.o (.text.SYSCFG_DL_UART_0_init)
                  0000361c    00000054     driverlib.a : dl_spi.o (.text.DL_SPI_fillTXFIFO8)
                  00003670    00000054     ti_msp_dl_config.o (.text.SYSCFG_DL_initPower)
                  000036c4    0000004c     ti_msp_dl_config.o (.text.SYSCFG_DL_SPI_0_init)
                  00003710    00000048     driverlib.a : dl_uart.o (.text.DL_UART_init)
                  00003758    00000044                 : dl_spi.o (.text.DL_SPI_init)
                  0000379c    00000040     ti_msp_dl_config.o (.text.SYSCFG_DL_init)
                  000037dc    00000040     libclang_rt.builtins.a : aeabi_uidivmod.S.obj (.text.__aeabi_uidivmod)
                  0000381c    0000003c     libc.a : autoinit.c.obj (.text:__TI_auto_init_nobinit_nopinit)
                  00003858    00000030     ti_msp_dl_config.o (.text.SYSCFG_DL_SYSCTL_init)
                  00003888    00000028     libc.a : boot_cortex_m.c.obj (.text:_c_int00_noargs)
                  000038b0    0000001c     driverlib.a : dl_timer.o (.text.DL_Timer_setCaptCompUpdateMethod)
                  000038cc    0000001c                 : dl_timer.o (.text.DL_Timer_setClockConfig)
                  000038e8    00000018                 : dl_timer.o (.text.DL_Timer_setCaptureCompareOutCtl)
                  00003900    00000016     libc.a : copy_zero_init.c.obj (.text:decompress:ZI:__TI_zero_init_nomemset)
                  00003916    00000012     driverlib.a : dl_spi.o (.text.DL_SPI_setClockConfig)
                  00003928    00000012                 : dl_uart.o (.text.DL_UART_setClockConfig)
                  0000393a    00000012     libc.a : copy_decompress_none.c.obj (.text:decompress:none)
                  0000394c    00000010     driverlib.a : dl_timer.o (.text.DL_Timer_setCaptureCompareValue)
                  0000395c    0000000a                 : dl_common.o (.text.DL_Common_delayCycles)
                  00003966    00000002     libclang_rt.builtins.a : aeabi_div0.c.obj (.text.__aeabi_idiv0)
                  00003968    00000008                            : aeabi_memcpy.S.obj (.text.__aeabi_memcpy)
                  00003970    00000006     libc.a : exit.c.obj (.text:abort)
                  00003976    00000004     libsysbm.a : hostexit.c.obj (.text.HOSTexit)
                  0000397a    00000004     startup_mspm0g350x_ticlang.o (.text.Reset_Handler)
                  0000397e    00000004     libc.a : pre_init.c.obj (.text._system_pre_init)
                  00003982    00000006     --HOLE-- [fill = 0]

.cinit     0    00003b18    00000030     
                  00003b18    0000000c     (__TI_handler_table)
                  00003b24    00000008     (.cinit..bss.load) [load image, compression = zero_init]
                  00003b2c    00000008     (.cinit..data.load) [load image, compression = lzss]
                  00003b34    00000010     (__TI_cinit_table)
                  00003b44    00000004     --HOLE-- [fill = 0]

.rodata    0    00003988    00000190     
                  00003988    000000a5     empty.o (.rodata.font5x7)
                  00003a2d    00000021     empty.o (.rodata.str1.150872071346279890.1)
                  00003a4e    00000013     empty.o (.rodata.str1.17669528882079347314.1)
                  00003a61    00000012     empty.o (.rodata.str1.11898133897667081452.1)
                  00003a73    00000010     empty.o (.rodata.str1.14685083708502177989.1)
                  00003a83    0000000f     empty.o (.rodata.str1.7401042497206923953.1)
                  00003a92    0000000e     empty.o (.rodata.str1.17686411042290499047.1)
                  00003aa0    0000000a     ti_msp_dl_config.o (.rodata.gSPI_0_config)
                  00003aaa    0000000a     ti_msp_dl_config.o (.rodata.gUART_0Config)
                  00003ab4    0000000a     empty.o (.rodata.str1.15706828512682300538.1)
                  00003abe    00000002     ti_msp_dl_config.o (.rodata.gSPI_0_clockConfig)
                  00003ac0    00000008     ti_msp_dl_config.o (.rodata.gPWM_0Config)
                  00003ac8    00000008     ti_msp_dl_config.o (.rodata.gPWM_1Config)
                  00003ad0    00000007     empty.o (.rodata.str1.2196762768037919588.1)
                  00003ad7    00000006     empty.o (.rodata.str1.15170238581331914936.1)
                  00003add    00000006     empty.o (.rodata.str1.15486159998237592746.1)
                  00003ae3    00000006     empty.o (.rodata.str1.5100843677217179155.1)
                  00003ae9    00000006     empty.o (.rodata.str1.5792233746214848027.1)
                  00003aef    00000006     empty.o (.rodata.str1.7079713434352825882.1)
                  00003af5    00000006     empty.o (.rodata.str1.9410084661655729462.1)
                  00003afb    00000004     empty.o (.rodata.str1.15930989295766594416.1)
                  00003aff    00000003     ti_msp_dl_config.o (.rodata.gPWM_0ClockConfig)
                  00003b02    00000003     ti_msp_dl_config.o (.rodata.gPWM_1ClockConfig)
                  00003b05    00000003     empty.o (.rodata.str1.11822412164550770238.1)
                  00003b08    00000003     empty.o (.rodata.str1.4000995719088696555.1)
                  00003b0b    00000003     empty.o (.rodata.str1.6969777895189110550.1)
                  00003b0e    00000003     empty.o (.rodata.str1.7386103758396746866.1)
                  00003b11    00000002     ti_msp_dl_config.o (.rodata.gUART_0ClockConfig)
                  00003b13    00000005     --HOLE-- [fill = 0]

.init_array 
*          0    00000000    00000000     UNINITIALIZED

.binit     0    00000000    00000000     

.bss       0    20200000    000001a0     UNINITIALIZED
                  20200000    000000bc     (.common:gPWM_0Backup)
                  202000bc    000000bc     (.common:gPWM_1Backup)
                  20200178    00000028     (.common:gSPI_0Backup)

.data      0    202001a0    00000004     UNINITIALIZED
                  202001a0    00000004     empty.o (.data.seed)

.stack     0    20207e00    00000200     UNINITIALIZED
                  20207e00    00000004     libc.a : boot_cortex_m.c.obj (.stack)
                  20207e04    000001fc     --HOLE--

__llvm_prf_cnts 
*          0    20200000    00000000     UNINITIALIZED

__llvm_prf_bits 
*          0    20200000    00000000     UNINITIALIZED

MODULE SUMMARY

       Module                         code    ro data   rw data
       ------                         ----    -------   -------
    .\
       empty.o                        12692   349       4      
       ti_msp_dl_config.o             700     46        416    
       startup_mspm0g350x_ticlang.o   6       192       0      
    +--+------------------------------+-------+---------+---------+
       Total:                         13398   587       420    
                                                               
    D:/mspm0_files/mspm0_sdk_2_07_00_05/source/ti/driverlib/lib/ticlang/m0p/mspm0g1x0x_g3x0x/driverlib.a
       dl_timer.o                     356     0         0      
       dl_spi.o                       170     0         0      
       dl_uart.o                      90      0         0      
       dl_common.o                    10      0         0      
    +--+------------------------------+-------+---------+---------+
       Total:                         626     0         0      
                                                               
    D:\mspm0_files\ccs\tools\compiler\ti-cgt-armllvm_4.0.4.LTS\lib\armv6m-ti-none-eabi/c/libc.a
       memcpy16.S.obj                 154     0         0      
       copy_decompress_lzss.c.obj     124     0         0      
       autoinit.c.obj                 60      0         0      
       boot_cortex_m.c.obj            40      0         0      
       copy_zero_init.c.obj           22      0         0      
       copy_decompress_none.c.obj     18      0         0      
       exit.c.obj                     6       0         0      
       pre_init.c.obj                 4       0         0      
    +--+------------------------------+-------+---------+---------+
       Total:                         428     0         0      
                                                               
    D:\mspm0_files\ccs\tools\compiler\ti-cgt-armllvm_4.0.4.LTS\lib\armv6m-ti-none-eabi/c/libsysbm.a
       hostexit.c.obj                 4       0         0      
    +--+------------------------------+-------+---------+---------+
       Total:                         4       0         0      
                                                               
    D:\mspm0_files\ccs\tools\compiler\ti-cgt-armllvm_4.0.4.LTS\lib\armv6m-ti-none-eabi/libclang_rt.builtins.a
       aeabi_uidivmod.S.obj           64      0         0      
       aeabi_memcpy.S.obj             8       0         0      
       aeabi_div0.c.obj               2       0         0      
    +--+------------------------------+-------+---------+---------+
       Total:                         74      0         0      
                                                               
       Stack:                         0       0         512    
       Linker Generated:              0       44        0      
    +--+------------------------------+-------+---------+---------+
       Grand Total:                   14530   631       932    


LINKER GENERATED COPY TABLES

__TI_cinit_table @ 00003b34 records: 2, size/record: 8, table size: 16
	.bss: load addr=00003b24, load size=00000008 bytes, run addr=20200000, run size=000001a0 bytes, compression=zero_init
	.data: load addr=00003b2c, load size=00000008 bytes, run addr=202001a0, run size=00000004 bytes, compression=lzss


LINKER GENERATED HANDLER TABLE

__TI_handler_table @ 00003b18 records: 3, size/record: 4, table size: 12
	index: 0, handler: __TI_decompress_lzss
	index: 1, handler: __TI_decompress_none
	index: 2, handler: __TI_zero_init


GLOBAL SYMBOLS: SORTED ALPHABETICALLY BY Name 

address   name                            
-------   ----                            
000033f3  ADC0_IRQHandler                 
000033f3  ADC1_IRQHandler                 
000033f3  AES_IRQHandler                  
00003976  C$$EXIT                         
000033f3  CANFD0_IRQHandler               
000033f3  DAC0_IRQHandler                 
0000395d  DL_Common_delayCycles           
0000361d  DL_SPI_fillTXFIFO8              
00003759  DL_SPI_init                     
00003917  DL_SPI_setClockConfig           
00003255  DL_Timer_initFourCCPWMMode      
000038b1  DL_Timer_setCaptCompUpdateMethod
000038e9  DL_Timer_setCaptureCompareOutCtl
0000394d  DL_Timer_setCaptureCompareValue 
000038cd  DL_Timer_setClockConfig         
00003711  DL_UART_init                    
00003929  DL_UART_setClockConfig          
000033f3  DMA_IRQHandler                  
000033f3  Default_Handler                 
000033f3  GROUP0_IRQHandler               
000033f3  GROUP1_IRQHandler               
00003977  HOSTexit                        
000033f3  HardFault_Handler               
000033f3  I2C0_IRQHandler                 
000033f3  I2C1_IRQHandler                 
000033f3  NMI_Handler                     
000033f3  PendSV_Handler                  
000033f3  RTC_IRQHandler                  
0000397b  Reset_Handler                   
000033f3  SPI0_IRQHandler                 
000033f3  SPI1_IRQHandler                 
000033f3  SVC_Handler                     
00003555  SYSCFG_DL_GPIO_init             
00003471  SYSCFG_DL_PWM_0_init            
000034e5  SYSCFG_DL_PWM_1_init            
000036c5  SYSCFG_DL_SPI_0_init            
00003859  SYSCFG_DL_SYSCTL_init           
000035bd  SYSCFG_DL_UART_0_init           
0000379d  SYSCFG_DL_init                  
00003671  SYSCFG_DL_initPower             
000033f3  SysTick_Handler                 
000033f3  TIMA0_IRQHandler                
000033f3  TIMA1_IRQHandler                
000033f3  TIMG0_IRQHandler                
000033f3  TIMG12_IRQHandler               
000033f3  TIMG6_IRQHandler                
000033f3  TIMG7_IRQHandler                
000033f3  TIMG8_IRQHandler                
000033f3  UART0_IRQHandler                
000033f3  UART1_IRQHandler                
000033f3  UART2_IRQHandler                
000033f3  UART3_IRQHandler                
20208000  __STACK_END                     
00000200  __STACK_SIZE                    
00000000  __TI_ATRegion0_region_sz        
00000000  __TI_ATRegion0_src_addr         
00000000  __TI_ATRegion0_trg_addr         
00000000  __TI_ATRegion1_region_sz        
00000000  __TI_ATRegion1_src_addr         
00000000  __TI_ATRegion1_trg_addr         
00000000  __TI_ATRegion2_region_sz        
00000000  __TI_ATRegion2_src_addr         
00000000  __TI_ATRegion2_trg_addr         
00003b34  __TI_CINIT_Base                 
00003b44  __TI_CINIT_Limit                
00003b44  __TI_CINIT_Warm                 
00003b18  __TI_Handler_Table_Base         
00003b24  __TI_Handler_Table_Limit        
0000381d  __TI_auto_init_nobinit_nopinit  
000033f5  __TI_decompress_lzss            
0000393b  __TI_decompress_none            
ffffffff  __TI_pprof_out_hndl             
ffffffff  __TI_prof_data_size             
ffffffff  __TI_prof_data_start            
00000000  __TI_static_base__              
00003901  __TI_zero_init_nomemset         
00003967  __aeabi_idiv0                   
00003969  __aeabi_memcpy                  
00003969  __aeabi_memcpy4                 
00003969  __aeabi_memcpy8                 
000037dd  __aeabi_uidiv                   
000037dd  __aeabi_uidivmod                
ffffffff  __binit__                       
UNDEFED   __mpu_init                      
20207e00  __stack                         
20200000  __start___llvm_prf_bits         
20200000  __start___llvm_prf_cnts         
20200000  __stop___llvm_prf_bits          
20200000  __stop___llvm_prf_cnts          
00003889  _c_int00_noargs                 
UNDEFED   _system_post_cinit              
0000397f  _system_pre_init                
00003971  abort                           
ffffffff  binit                           
20200000  gPWM_0Backup                    
202000bc  gPWM_1Backup                    
20200178  gSPI_0Backup                    
00000000  interruptVectors                
00002531  main                            
00003359  memcpy                          
202001a0  seed                            
00001ce9  send_sensor_data                


GLOBAL SYMBOLS: SORTED BY Symbol Address 

address   name                            
-------   ----                            
00000000  __TI_ATRegion0_region_sz        
00000000  __TI_ATRegion0_src_addr         
00000000  __TI_ATRegion0_trg_addr         
00000000  __TI_ATRegion1_region_sz        
00000000  __TI_ATRegion1_src_addr         
00000000  __TI_ATRegion1_trg_addr         
00000000  __TI_ATRegion2_region_sz        
00000000  __TI_ATRegion2_src_addr         
00000000  __TI_ATRegion2_trg_addr         
00000000  __TI_static_base__              
00000000  interruptVectors                
00000200  __STACK_SIZE                    
00001ce9  send_sensor_data                
00002531  main                            
00003255  DL_Timer_initFourCCPWMMode      
00003359  memcpy                          
000033f3  ADC0_IRQHandler                 
000033f3  ADC1_IRQHandler                 
000033f3  AES_IRQHandler                  
000033f3  CANFD0_IRQHandler               
000033f3  DAC0_IRQHandler                 
000033f3  DMA_IRQHandler                  
000033f3  Default_Handler                 
000033f3  GROUP0_IRQHandler               
000033f3  GROUP1_IRQHandler               
000033f3  HardFault_Handler               
000033f3  I2C0_IRQHandler                 
000033f3  I2C1_IRQHandler                 
000033f3  NMI_Handler                     
000033f3  PendSV_Handler                  
000033f3  RTC_IRQHandler                  
000033f3  SPI0_IRQHandler                 
000033f3  SPI1_IRQHandler                 
000033f3  SVC_Handler                     
000033f3  SysTick_Handler                 
000033f3  TIMA0_IRQHandler                
000033f3  TIMA1_IRQHandler                
000033f3  TIMG0_IRQHandler                
000033f3  TIMG12_IRQHandler               
000033f3  TIMG6_IRQHandler                
000033f3  TIMG7_IRQHandler                
000033f3  TIMG8_IRQHandler                
000033f3  UART0_IRQHandler                
000033f3  UART1_IRQHandler                
000033f3  UART2_IRQHandler                
000033f3  UART3_IRQHandler                
000033f5  __TI_decompress_lzss            
00003471  SYSCFG_DL_PWM_0_init            
000034e5  SYSCFG_DL_PWM_1_init            
00003555  SYSCFG_DL_GPIO_init             
000035bd  SYSCFG_DL_UART_0_init           
0000361d  DL_SPI_fillTXFIFO8              
00003671  SYSCFG_DL_initPower             
000036c5  SYSCFG_DL_SPI_0_init            
00003711  DL_UART_init                    
00003759  DL_SPI_init                     
0000379d  SYSCFG_DL_init                  
000037dd  __aeabi_uidiv                   
000037dd  __aeabi_uidivmod                
0000381d  __TI_auto_init_nobinit_nopinit  
00003859  SYSCFG_DL_SYSCTL_init           
00003889  _c_int00_noargs                 
000038b1  DL_Timer_setCaptCompUpdateMethod
000038cd  DL_Timer_setClockConfig         
000038e9  DL_Timer_setCaptureCompareOutCtl
00003901  __TI_zero_init_nomemset         
00003917  DL_SPI_setClockConfig           
00003929  DL_UART_setClockConfig          
0000393b  __TI_decompress_none            
0000394d  DL_Timer_setCaptureCompareValue 
0000395d  DL_Common_delayCycles           
00003967  __aeabi_idiv0                   
00003969  __aeabi_memcpy                  
00003969  __aeabi_memcpy4                 
00003969  __aeabi_memcpy8                 
00003971  abort                           
00003976  C$$EXIT                         
00003977  HOSTexit                        
0000397b  Reset_Handler                   
0000397f  _system_pre_init                
00003b18  __TI_Handler_Table_Base         
00003b24  __TI_Handler_Table_Limit        
00003b34  __TI_CINIT_Base                 
00003b44  __TI_CINIT_Limit                
00003b44  __TI_CINIT_Warm                 
20200000  __start___llvm_prf_bits         
20200000  __start___llvm_prf_cnts         
20200000  __stop___llvm_prf_bits          
20200000  __stop___llvm_prf_cnts          
20200000  gPWM_0Backup                    
202000bc  gPWM_1Backup                    
20200178  gSPI_0Backup                    
202001a0  seed                            
20207e00  __stack                         
20208000  __STACK_END                     
ffffffff  __TI_pprof_out_hndl             
ffffffff  __TI_prof_data_size             
ffffffff  __TI_prof_data_start            
ffffffff  __binit__                       
ffffffff  binit                           
UNDEFED   __mpu_init                      
UNDEFED   _system_post_cinit              

[102 symbols]
