<?xml version="1.0" encoding="ISO-8859-1" ?>
<link_info>
   <banner>TI ARM Clang Linker Unix v4.0.4.LTS</banner>
   <copyright>Copyright (c) 1996-2018 Texas Instruments Incorporated</copyright>
   <command_line>/home/noobiegg/ti/ccs2040/ccs/tools/compiler/ti-cgt-armllvm_4.0.4.LTS/bin/tiarmlnk -I/home/noobiegg/ti/ccs2040/ccs/tools/compiler/ti-cgt-armllvm_4.0.4.LTS/lib -o main_project.out -mmain_project.map -i/home/noobiegg/ti/mspm0_sdk_2_08_00_03/source -i/home/noobiegg/Documents/AMD_slingshot/hardware -i/home/noobiegg/Documents/AMD_slingshot/hardware/Debug/syscfg -i/home/noobiegg/ti/ccs2040/ccs/tools/compiler/ti-cgt-armllvm_4.0.4.LTS/lib --diag_wrap=off --display_error_number --warn_sections --xml_link_info=main_project_linkInfo.xml --rom_model ./empty.o ./ti_msp_dl_config.o ./startup_mspm0g350x_ticlang.o -l./device_linker.cmd -ldevice.cmd.genlibs -llibc.a --start-group -llibc++.a -llibc++abi.a -llibc.a -llibsys.a -llibsysbm.a -llibclang_rt.builtins.a -llibclang_rt.profile.a --end-group --cg_opt_level=2</command_line>
   <link_time>0x69a7279b</link_time>
   <link_errors>0x0</link_errors>
   <output_file>/home/noobiegg/Documents/AMD_slingshot/hardware/Debug/main_project.out</output_file>
   <entry_point>
      <name>_c_int00_noargs</name>
      <address>0x38b1</address>
   </entry_point>
   <input_file_list>
      <input_file id="fl-1">
         <path>/home/noobiegg/Documents/AMD_slingshot/hardware/Debug/./</path>
         <kind>object</kind>
         <file>empty.o</file>
         <name>empty.o</name>
      </input_file>
      <input_file id="fl-2">
         <path>/home/noobiegg/Documents/AMD_slingshot/hardware/Debug/./</path>
         <kind>object</kind>
         <file>ti_msp_dl_config.o</file>
         <name>ti_msp_dl_config.o</name>
      </input_file>
      <input_file id="fl-3">
         <path>/home/noobiegg/Documents/AMD_slingshot/hardware/Debug/./</path>
         <kind>object</kind>
         <file>startup_mspm0g350x_ticlang.o</file>
         <name>startup_mspm0g350x_ticlang.o</name>
      </input_file>
      <input_file id="fl-10">
         <path>/home/noobiegg/Documents/AMD_slingshot/hardware/Debug/</path>
         <kind>object</kind>
         <file>&lt;internal&gt;</file>
         <name>&lt;internal&gt;</name>
      </input_file>
      <input_file id="fl-11">
         <path>/home/noobiegg/ti/mspm0_sdk_2_08_00_03/source/ti/driverlib/lib/ticlang/m0p/mspm0g1x0x_g3x0x/</path>
         <kind>archive</kind>
         <file>driverlib.a</file>
         <name>dl_adc12.o</name>
      </input_file>
      <input_file id="fl-12">
         <path>/home/noobiegg/ti/mspm0_sdk_2_08_00_03/source/ti/driverlib/lib/ticlang/m0p/mspm0g1x0x_g3x0x/</path>
         <kind>archive</kind>
         <file>driverlib.a</file>
         <name>dl_common.o</name>
      </input_file>
      <input_file id="fl-13">
         <path>/home/noobiegg/ti/mspm0_sdk_2_08_00_03/source/ti/driverlib/lib/ticlang/m0p/mspm0g1x0x_g3x0x/</path>
         <kind>archive</kind>
         <file>driverlib.a</file>
         <name>dl_spi.o</name>
      </input_file>
      <input_file id="fl-14">
         <path>/home/noobiegg/ti/mspm0_sdk_2_08_00_03/source/ti/driverlib/lib/ticlang/m0p/mspm0g1x0x_g3x0x/</path>
         <kind>archive</kind>
         <file>driverlib.a</file>
         <name>dl_timer.o</name>
      </input_file>
      <input_file id="fl-15">
         <path>/home/noobiegg/ti/mspm0_sdk_2_08_00_03/source/ti/driverlib/lib/ticlang/m0p/mspm0g1x0x_g3x0x/</path>
         <kind>archive</kind>
         <file>driverlib.a</file>
         <name>dl_uart.o</name>
      </input_file>
      <input_file id="fl-2c">
         <path>/home/noobiegg/ti/ccs2040/ccs/tools/compiler/ti-cgt-armllvm_4.0.4.LTS/lib/armv6m-ti-none-eabi/c/</path>
         <kind>archive</kind>
         <file>libc.a</file>
         <name>strstr.c.obj</name>
      </input_file>
      <input_file id="fl-2d">
         <path>/home/noobiegg/ti/ccs2040/ccs/tools/compiler/ti-cgt-armllvm_4.0.4.LTS/lib/armv6m-ti-none-eabi/c/</path>
         <kind>archive</kind>
         <file>libc.a</file>
         <name>copy_zero_init.c.obj</name>
      </input_file>
      <input_file id="fl-2e">
         <path>/home/noobiegg/ti/ccs2040/ccs/tools/compiler/ti-cgt-armllvm_4.0.4.LTS/lib/armv6m-ti-none-eabi/c/</path>
         <kind>archive</kind>
         <file>libc.a</file>
         <name>copy_decompress_none.c.obj</name>
      </input_file>
      <input_file id="fl-2f">
         <path>/home/noobiegg/ti/ccs2040/ccs/tools/compiler/ti-cgt-armllvm_4.0.4.LTS/lib/armv6m-ti-none-eabi/c/</path>
         <kind>archive</kind>
         <file>libc.a</file>
         <name>copy_decompress_lzss.c.obj</name>
      </input_file>
      <input_file id="fl-30">
         <path>/home/noobiegg/ti/ccs2040/ccs/tools/compiler/ti-cgt-armllvm_4.0.4.LTS/lib/armv6m-ti-none-eabi/c/</path>
         <kind>archive</kind>
         <file>libc.a</file>
         <name>boot_cortex_m.c.obj</name>
      </input_file>
      <input_file id="fl-31">
         <path>/home/noobiegg/ti/ccs2040/ccs/tools/compiler/ti-cgt-armllvm_4.0.4.LTS/lib/armv6m-ti-none-eabi/c/</path>
         <kind>archive</kind>
         <file>libc.a</file>
         <name>mathacl_init.c.obj</name>
      </input_file>
      <input_file id="fl-32">
         <path>/home/noobiegg/ti/ccs2040/ccs/tools/compiler/ti-cgt-armllvm_4.0.4.LTS/lib/armv6m-ti-none-eabi/c/</path>
         <kind>archive</kind>
         <file>libc.a</file>
         <name>exit.c.obj</name>
      </input_file>
      <input_file id="fl-33">
         <path>/home/noobiegg/ti/ccs2040/ccs/tools/compiler/ti-cgt-armllvm_4.0.4.LTS/lib/armv6m-ti-none-eabi/c/</path>
         <kind>archive</kind>
         <file>libc.a</file>
         <name>_lock.c.obj</name>
      </input_file>
      <input_file id="fl-34">
         <path>/home/noobiegg/ti/ccs2040/ccs/tools/compiler/ti-cgt-armllvm_4.0.4.LTS/lib/armv6m-ti-none-eabi/c/</path>
         <kind>archive</kind>
         <file>libc.a</file>
         <name>args_main.c.obj</name>
      </input_file>
      <input_file id="fl-35">
         <path>/home/noobiegg/ti/ccs2040/ccs/tools/compiler/ti-cgt-armllvm_4.0.4.LTS/lib/armv6m-ti-none-eabi/c/</path>
         <kind>archive</kind>
         <file>libc.a</file>
         <name>autoinit.c.obj</name>
      </input_file>
      <input_file id="fl-36">
         <path>/home/noobiegg/ti/ccs2040/ccs/tools/compiler/ti-cgt-armllvm_4.0.4.LTS/lib/armv6m-ti-none-eabi/c/</path>
         <kind>archive</kind>
         <file>libc.a</file>
         <name>pre_init.c.obj</name>
      </input_file>
      <input_file id="fl-37">
         <path>/home/noobiegg/ti/ccs2040/ccs/tools/compiler/ti-cgt-armllvm_4.0.4.LTS/lib/armv6m-ti-none-eabi/c/</path>
         <kind>archive</kind>
         <file>libc.a</file>
         <name>cpy_tbl.c.obj</name>
      </input_file>
      <input_file id="fl-d7">
         <path>/home/noobiegg/ti/ccs2040/ccs/tools/compiler/ti-cgt-armllvm_4.0.4.LTS/lib/armv6m-ti-none-eabi/c/</path>
         <kind>archive</kind>
         <file>libsysbm.a</file>
         <name>hostexit.c.obj</name>
      </input_file>
      <input_file id="fl-d8">
         <path>/home/noobiegg/ti/ccs2040/ccs/tools/compiler/ti-cgt-armllvm_4.0.4.LTS/lib/armv6m-ti-none-eabi/</path>
         <kind>archive</kind>
         <file>libclang_rt.builtins.a</file>
         <name>aeabi_memcpy.S.obj</name>
      </input_file>
      <input_file id="fl-d9">
         <path>/home/noobiegg/ti/ccs2040/ccs/tools/compiler/ti-cgt-armllvm_4.0.4.LTS/lib/armv6m-ti-none-eabi/</path>
         <kind>archive</kind>
         <file>libclang_rt.builtins.a</file>
         <name>aeabi_memset.S.obj</name>
      </input_file>
      <input_file id="fl-da">
         <path>/home/noobiegg/ti/ccs2040/ccs/tools/compiler/ti-cgt-armllvm_4.0.4.LTS/lib/armv6m-ti-none-eabi/</path>
         <kind>archive</kind>
         <file>libclang_rt.builtins.a</file>
         <name>aeabi_uidivmod.S.obj</name>
      </input_file>
      <input_file id="fl-db">
         <path>/home/noobiegg/ti/ccs2040/ccs/tools/compiler/ti-cgt-armllvm_4.0.4.LTS/lib/armv6m-ti-none-eabi/</path>
         <kind>archive</kind>
         <file>libclang_rt.builtins.a</file>
         <name>aeabi_div0.c.obj</name>
      </input_file>
      <input_file id="fl-dc">
         <path>/home/noobiegg/ti/ccs2040/ccs/tools/compiler/ti-cgt-armllvm_4.0.4.LTS/lib/armv6m-ti-none-eabi/c/</path>
         <kind>archive</kind>
         <file>libc.a</file>
         <name>memcpy16.S.obj</name>
      </input_file>
      <input_file id="fl-dd">
         <path>/home/noobiegg/ti/ccs2040/ccs/tools/compiler/ti-cgt-armllvm_4.0.4.LTS/lib/armv6m-ti-none-eabi/c/</path>
         <kind>archive</kind>
         <file>libc.a</file>
         <name>memset16.S.obj</name>
      </input_file>
   </input_file_list>
   <object_component_list>
      <object_component id="oc-18">
         <name>.intvecs</name>
         <load_address>0x0</load_address>
         <readonly>true</readonly>
         <run_address>0x0</run_address>
         <size>0xc0</size>
         <alignment>0x4</alignment>
         <input_file_ref idref="fl-3"/>
      </object_component>
      <object_component id="oc-7e">
         <name>.text.main</name>
         <load_address>0xc0</load_address>
         <readonly>true</readonly>
         <executable>true</executable>
         <run_address>0xc0</run_address>
         <size>0x26c0</size>
         <alignment>0x4</alignment>
         <input_file_ref idref="fl-1"/>
      </object_component>
      <object_component id="oc-ba">
         <name>.text.lcd_draw_bar</name>
         <load_address>0x2780</load_address>
         <readonly>true</readonly>
         <executable>true</executable>
         <run_address>0x2780</run_address>
         <size>0x3ac</size>
         <alignment>0x4</alignment>
         <input_file_ref idref="fl-1"/>
      </object_component>
      <object_component id="oc-f5">
         <name>.text.lcd_fill_rect</name>
         <load_address>0x2b2c</load_address>
         <readonly>true</readonly>
         <executable>true</executable>
         <run_address>0x2b2c</run_address>
         <size>0x1c0</size>
         <alignment>0x4</alignment>
         <input_file_ref idref="fl-1"/>
      </object_component>
      <object_component id="oc-39">
         <name>.text.UART0_IRQHandler</name>
         <load_address>0x2cec</load_address>
         <readonly>true</readonly>
         <executable>true</executable>
         <run_address>0x2cec</run_address>
         <size>0x1ac</size>
         <alignment>0x4</alignment>
         <input_file_ref idref="fl-1"/>
      </object_component>
      <object_component id="oc-a5">
         <name>.text.lcd_set_window</name>
         <load_address>0x2e98</load_address>
         <readonly>true</readonly>
         <executable>true</executable>
         <run_address>0x2e98</run_address>
         <size>0x1a4</size>
         <alignment>0x4</alignment>
         <input_file_ref idref="fl-1"/>
      </object_component>
      <object_component id="oc-a6">
         <name>.text.lcd_draw_string</name>
         <load_address>0x303c</load_address>
         <readonly>true</readonly>
         <executable>true</executable>
         <run_address>0x303c</run_address>
         <size>0x130</size>
         <alignment>0x4</alignment>
         <input_file_ref idref="fl-1"/>
      </object_component>
      <object_component id="oc-11c">
         <name>.text.DL_Timer_initFourCCPWMMode</name>
         <load_address>0x316c</load_address>
         <readonly>true</readonly>
         <executable>true</executable>
         <run_address>0x316c</run_address>
         <size>0x104</size>
         <alignment>0x4</alignment>
         <input_file_ref idref="fl-14"/>
      </object_component>
      <object_component id="oc-91">
         <name>.text:memcpy</name>
         <load_address>0x3270</load_address>
         <readonly>true</readonly>
         <executable>true</executable>
         <run_address>0x3270</run_address>
         <size>0x9a</size>
         <alignment>0x1</alignment>
         <input_file_ref idref="fl-dc"/>
      </object_component>
      <object_component id="oc-33">
         <name>.text.Default_Handler</name>
         <load_address>0x330a</load_address>
         <readonly>true</readonly>
         <executable>true</executable>
         <run_address>0x330a</run_address>
         <size>0x2</size>
         <alignment>0x2</alignment>
         <input_file_ref idref="fl-3"/>
      </object_component>
      <object_component id="oc-1c">
         <name>.text:decompress:lzss</name>
         <load_address>0x330c</load_address>
         <readonly>true</readonly>
         <executable>true</executable>
         <run_address>0x330c</run_address>
         <size>0x7c</size>
         <alignment>0x4</alignment>
         <input_file_ref idref="fl-2f"/>
      </object_component>
      <object_component id="oc-e6">
         <name>.text.SYSCFG_DL_PWM_0_init</name>
         <load_address>0x3388</load_address>
         <readonly>true</readonly>
         <executable>true</executable>
         <run_address>0x3388</run_address>
         <size>0x74</size>
         <alignment>0x4</alignment>
         <input_file_ref idref="fl-2"/>
      </object_component>
      <object_component id="oc-e7">
         <name>.text.SYSCFG_DL_PWM_1_init</name>
         <load_address>0x33fc</load_address>
         <readonly>true</readonly>
         <executable>true</executable>
         <run_address>0x33fc</run_address>
         <size>0x70</size>
         <alignment>0x4</alignment>
         <input_file_ref idref="fl-2"/>
      </object_component>
      <object_component id="oc-e3">
         <name>.text.SYSCFG_DL_GPIO_init</name>
         <load_address>0x346c</load_address>
         <readonly>true</readonly>
         <executable>true</executable>
         <run_address>0x346c</run_address>
         <size>0x68</size>
         <alignment>0x4</alignment>
         <input_file_ref idref="fl-2"/>
      </object_component>
      <object_component id="oc-ea">
         <name>.text.SYSCFG_DL_ADC12_0_init</name>
         <load_address>0x34d4</load_address>
         <readonly>true</readonly>
         <executable>true</executable>
         <run_address>0x34d4</run_address>
         <size>0x60</size>
         <alignment>0x4</alignment>
         <input_file_ref idref="fl-2"/>
      </object_component>
      <object_component id="oc-e8">
         <name>.text.SYSCFG_DL_UART_0_init</name>
         <load_address>0x3534</load_address>
         <readonly>true</readonly>
         <executable>true</executable>
         <run_address>0x3534</run_address>
         <size>0x60</size>
         <alignment>0x4</alignment>
         <input_file_ref idref="fl-2"/>
      </object_component>
      <object_component id="oc-e2">
         <name>.text.SYSCFG_DL_initPower</name>
         <load_address>0x3594</load_address>
         <readonly>true</readonly>
         <executable>true</executable>
         <run_address>0x3594</run_address>
         <size>0x60</size>
         <alignment>0x4</alignment>
         <input_file_ref idref="fl-2"/>
      </object_component>
      <object_component id="oc-9f">
         <name>.text.DL_SPI_fillTXFIFO8</name>
         <load_address>0x35f4</load_address>
         <readonly>true</readonly>
         <executable>true</executable>
         <run_address>0x35f4</run_address>
         <size>0x54</size>
         <alignment>0x4</alignment>
         <input_file_ref idref="fl-13"/>
      </object_component>
      <object_component id="oc-e9">
         <name>.text.SYSCFG_DL_SPI_0_init</name>
         <load_address>0x3648</load_address>
         <readonly>true</readonly>
         <executable>true</executable>
         <run_address>0x3648</run_address>
         <size>0x4c</size>
         <alignment>0x4</alignment>
         <input_file_ref idref="fl-2"/>
      </object_component>
      <object_component id="oc-12a">
         <name>.text.DL_UART_init</name>
         <load_address>0x3694</load_address>
         <readonly>true</readonly>
         <executable>true</executable>
         <run_address>0x3694</run_address>
         <size>0x48</size>
         <alignment>0x4</alignment>
         <input_file_ref idref="fl-15"/>
      </object_component>
      <object_component id="oc-12e">
         <name>.text.DL_SPI_init</name>
         <load_address>0x36dc</load_address>
         <readonly>true</readonly>
         <executable>true</executable>
         <run_address>0x36dc</run_address>
         <size>0x44</size>
         <alignment>0x4</alignment>
         <input_file_ref idref="fl-13"/>
      </object_component>
      <object_component id="oc-96">
         <name>.text.SYSCFG_DL_init</name>
         <load_address>0x3720</load_address>
         <readonly>true</readonly>
         <executable>true</executable>
         <run_address>0x3720</run_address>
         <size>0x44</size>
         <alignment>0x4</alignment>
         <input_file_ref idref="fl-2"/>
      </object_component>
      <object_component id="oc-131">
         <name>.text.DL_ADC12_setClockConfig</name>
         <load_address>0x3764</load_address>
         <readonly>true</readonly>
         <executable>true</executable>
         <run_address>0x3764</run_address>
         <size>0x40</size>
         <alignment>0x4</alignment>
         <input_file_ref idref="fl-11"/>
      </object_component>
      <object_component id="oc-b4">
         <name>.text.__aeabi_uidivmod</name>
         <load_address>0x37a4</load_address>
         <readonly>true</readonly>
         <executable>true</executable>
         <run_address>0x37a4</run_address>
         <size>0x40</size>
         <alignment>0x4</alignment>
         <input_file_ref idref="fl-da"/>
      </object_component>
      <object_component id="oc-c9">
         <name>.text:__TI_auto_init_nobinit_nopinit</name>
         <load_address>0x37e4</load_address>
         <readonly>true</readonly>
         <executable>true</executable>
         <run_address>0x37e4</run_address>
         <size>0x3c</size>
         <alignment>0x4</alignment>
         <input_file_ref idref="fl-35"/>
      </object_component>
      <object_component id="oc-61">
         <name>.text.strstr</name>
         <load_address>0x3820</load_address>
         <readonly>true</readonly>
         <executable>true</executable>
         <run_address>0x3820</run_address>
         <size>0x32</size>
         <alignment>0x2</alignment>
         <input_file_ref idref="fl-2c"/>
      </object_component>
      <object_component id="oc-fc">
         <name>.text.__aeabi_idiv0</name>
         <load_address>0x3852</load_address>
         <readonly>true</readonly>
         <executable>true</executable>
         <run_address>0x3852</run_address>
         <size>0x2</size>
         <alignment>0x2</alignment>
         <input_file_ref idref="fl-db"/>
      </object_component>
      <object_component id="oc-e4">
         <name>.text.SYSCFG_DL_SYSCTL_init</name>
         <load_address>0x3854</load_address>
         <readonly>true</readonly>
         <executable>true</executable>
         <run_address>0x3854</run_address>
         <size>0x30</size>
         <alignment>0x4</alignment>
         <input_file_ref idref="fl-2"/>
      </object_component>
      <object_component id="oc-34">
         <name>.text.ADC0_IRQHandler</name>
         <load_address>0x3884</load_address>
         <readonly>true</readonly>
         <executable>true</executable>
         <run_address>0x3884</run_address>
         <size>0x2c</size>
         <alignment>0x4</alignment>
         <input_file_ref idref="fl-1"/>
      </object_component>
      <object_component id="oc-56">
         <name>.text:_c_int00_noargs</name>
         <load_address>0x38b0</load_address>
         <readonly>true</readonly>
         <executable>true</executable>
         <run_address>0x38b0</run_address>
         <size>0x28</size>
         <alignment>0x4</alignment>
         <input_file_ref idref="fl-30"/>
      </object_component>
      <object_component id="oc-11e">
         <name>.text.DL_Timer_setCaptCompUpdateMethod</name>
         <load_address>0x38d8</load_address>
         <readonly>true</readonly>
         <executable>true</executable>
         <run_address>0x38d8</run_address>
         <size>0x1c</size>
         <alignment>0x4</alignment>
         <input_file_ref idref="fl-14"/>
      </object_component>
      <object_component id="oc-116">
         <name>.text.DL_Timer_setClockConfig</name>
         <load_address>0x38f4</load_address>
         <readonly>true</readonly>
         <executable>true</executable>
         <run_address>0x38f4</run_address>
         <size>0x1c</size>
         <alignment>0x4</alignment>
         <input_file_ref idref="fl-14"/>
      </object_component>
      <object_component id="oc-11d">
         <name>.text.DL_Timer_setCaptureCompareOutCtl</name>
         <load_address>0x3910</load_address>
         <readonly>true</readonly>
         <executable>true</executable>
         <run_address>0x3910</run_address>
         <size>0x18</size>
         <alignment>0x4</alignment>
         <input_file_ref idref="fl-14"/>
      </object_component>
      <object_component id="oc-4d">
         <name>.text:decompress:ZI:__TI_zero_init_nomemset</name>
         <load_address>0x3928</load_address>
         <readonly>true</readonly>
         <executable>true</executable>
         <run_address>0x3928</run_address>
         <size>0x16</size>
         <alignment>0x2</alignment>
         <input_file_ref idref="fl-2d"/>
      </object_component>
      <object_component id="oc-12d">
         <name>.text.DL_SPI_setClockConfig</name>
         <load_address>0x393e</load_address>
         <readonly>true</readonly>
         <executable>true</executable>
         <run_address>0x393e</run_address>
         <size>0x12</size>
         <alignment>0x2</alignment>
         <input_file_ref idref="fl-13"/>
      </object_component>
      <object_component id="oc-124">
         <name>.text.DL_UART_setClockConfig</name>
         <load_address>0x3950</load_address>
         <readonly>true</readonly>
         <executable>true</executable>
         <run_address>0x3950</run_address>
         <size>0x12</size>
         <alignment>0x2</alignment>
         <input_file_ref idref="fl-15"/>
      </object_component>
      <object_component id="oc-20">
         <name>.text:decompress:none</name>
         <load_address>0x3962</load_address>
         <readonly>true</readonly>
         <executable>true</executable>
         <run_address>0x3962</run_address>
         <size>0x12</size>
         <alignment>0x2</alignment>
         <input_file_ref idref="fl-2e"/>
      </object_component>
      <object_component id="oc-11f">
         <name>.text.DL_Timer_setCaptureCompareValue</name>
         <load_address>0x3974</load_address>
         <readonly>true</readonly>
         <executable>true</executable>
         <run_address>0x3974</run_address>
         <size>0x10</size>
         <alignment>0x4</alignment>
         <input_file_ref idref="fl-14"/>
      </object_component>
      <object_component id="oc-9b">
         <name>.text.DL_Common_delayCycles</name>
         <load_address>0x3984</load_address>
         <readonly>true</readonly>
         <executable>true</executable>
         <run_address>0x3984</run_address>
         <size>0xa</size>
         <alignment>0x2</alignment>
         <input_file_ref idref="fl-12"/>
      </object_component>
      <object_component id="oc-46">
         <name>.text.__aeabi_memcpy</name>
         <load_address>0x3990</load_address>
         <readonly>true</readonly>
         <executable>true</executable>
         <run_address>0x3990</run_address>
         <size>0x8</size>
         <alignment>0x4</alignment>
         <input_file_ref idref="fl-d8"/>
      </object_component>
      <object_component id="oc-c2">
         <name>.text:abort</name>
         <load_address>0x3998</load_address>
         <readonly>true</readonly>
         <executable>true</executable>
         <run_address>0x3998</run_address>
         <size>0x6</size>
         <alignment>0x2</alignment>
         <input_file_ref idref="fl-32"/>
      </object_component>
      <object_component id="oc-105">
         <name>.text.HOSTexit</name>
         <load_address>0x399e</load_address>
         <readonly>true</readonly>
         <executable>true</executable>
         <run_address>0x399e</run_address>
         <size>0x4</size>
         <alignment>0x2</alignment>
         <input_file_ref idref="fl-d7"/>
      </object_component>
      <object_component id="oc-2f">
         <name>.text.Reset_Handler</name>
         <load_address>0x39a2</load_address>
         <readonly>true</readonly>
         <executable>true</executable>
         <run_address>0x39a2</run_address>
         <size>0x4</size>
         <alignment>0x2</alignment>
         <input_file_ref idref="fl-3"/>
      </object_component>
      <object_component id="oc-7a">
         <name>.text._system_pre_init</name>
         <load_address>0x39a6</load_address>
         <readonly>true</readonly>
         <executable>true</executable>
         <run_address>0x39a6</run_address>
         <size>0x4</size>
         <alignment>0x2</alignment>
         <input_file_ref idref="fl-36"/>
      </object_component>
      <object_component id="oc-18d">
         <name>.cinit..data.load</name>
         <load_address>0x3cc0</load_address>
         <readonly>true</readonly>
         <run_address>0x3cc0</run_address>
         <size>0x12</size>
         <alignment>0x1</alignment>
      </object_component>
      <object_component id="oc-18b">
         <name>__TI_handler_table</name>
         <load_address>0x3cd4</load_address>
         <readonly>true</readonly>
         <run_address>0x3cd4</run_address>
         <size>0xc</size>
         <alignment>0x4</alignment>
      </object_component>
      <object_component id="oc-18e">
         <name>.cinit..bss.load</name>
         <load_address>0x3ce0</load_address>
         <readonly>true</readonly>
         <run_address>0x3ce0</run_address>
         <size>0x8</size>
         <alignment>0x4</alignment>
      </object_component>
      <object_component id="oc-18c">
         <name>__TI_cinit_table</name>
         <load_address>0x3ce8</load_address>
         <readonly>true</readonly>
         <run_address>0x3ce8</run_address>
         <size>0x10</size>
         <alignment>0x4</alignment>
      </object_component>
      <object_component id="oc-f6">
         <name>.rodata..Lswitch.table.lcd_draw_string</name>
         <load_address>0x39b0</load_address>
         <readonly>true</readonly>
         <run_address>0x39b0</run_address>
         <size>0x130</size>
         <alignment>0x4</alignment>
         <input_file_ref idref="fl-1"/>
      </object_component>
      <object_component id="oc-f7">
         <name>.rodata.font5x7</name>
         <load_address>0x3ae0</load_address>
         <readonly>true</readonly>
         <run_address>0x3ae0</run_address>
         <size>0xcd</size>
         <alignment>0x1</alignment>
         <input_file_ref idref="fl-1"/>
      </object_component>
      <object_component id="oc-b2">
         <name>.rodata.str1.9517790425240694019.1</name>
         <load_address>0x3bad</load_address>
         <readonly>true</readonly>
         <run_address>0x3bad</run_address>
         <size>0x13</size>
         <alignment>0x1</alignment>
         <input_file_ref idref="fl-1"/>
      </object_component>
      <object_component id="oc-aa">
         <name>.rodata..Lswitch.table.main.31</name>
         <load_address>0x3bc0</load_address>
         <readonly>true</readonly>
         <run_address>0x3bc0</run_address>
         <size>0x10</size>
         <alignment>0x4</alignment>
         <input_file_ref idref="fl-1"/>
      </object_component>
      <object_component id="oc-c1">
         <name>.rodata.str1.15967779794922834835.1</name>
         <load_address>0x3bd0</load_address>
         <readonly>true</readonly>
         <run_address>0x3bd0</run_address>
         <size>0xd</size>
         <alignment>0x1</alignment>
         <input_file_ref idref="fl-1"/>
      </object_component>
      <object_component id="oc-120">
         <name>.rodata.gPWM_0ClockConfig</name>
         <load_address>0x3bdd</load_address>
         <readonly>true</readonly>
         <run_address>0x3bdd</run_address>
         <size>0x3</size>
         <alignment>0x1</alignment>
         <input_file_ref idref="fl-2"/>
      </object_component>
      <object_component id="oc-b9">
         <name>.rodata.SIM_HW_POOL</name>
         <load_address>0x3be0</load_address>
         <readonly>true</readonly>
         <run_address>0x3be0</run_address>
         <size>0xc</size>
         <alignment>0x4</alignment>
         <input_file_ref idref="fl-1"/>
      </object_component>
      <object_component id="oc-ac">
         <name>.rodata.str1.150872071346279890.1</name>
         <load_address>0x3bec</load_address>
         <readonly>true</readonly>
         <run_address>0x3bec</run_address>
         <size>0xc</size>
         <alignment>0x1</alignment>
         <input_file_ref idref="fl-1"/>
      </object_component>
      <object_component id="oc-af">
         <name>.rodata.str1.17686411042290499047.1</name>
         <load_address>0x3bf8</load_address>
         <readonly>true</readonly>
         <run_address>0x3bf8</run_address>
         <size>0xc</size>
         <alignment>0x1</alignment>
         <input_file_ref idref="fl-1"/>
      </object_component>
      <object_component id="oc-b1">
         <name>.rodata.str1.7386103758396746866.1</name>
         <load_address>0x3c04</load_address>
         <readonly>true</readonly>
         <run_address>0x3c04</run_address>
         <size>0xb</size>
         <alignment>0x1</alignment>
         <input_file_ref idref="fl-1"/>
      </object_component>
      <object_component id="oc-a7">
         <name>.rodata.str1.7401042497206923953.1</name>
         <load_address>0x3c0f</load_address>
         <readonly>true</readonly>
         <run_address>0x3c0f</run_address>
         <size>0xb</size>
         <alignment>0x1</alignment>
         <input_file_ref idref="fl-1"/>
      </object_component>
      <object_component id="oc-130">
         <name>.rodata.gSPI_0_config</name>
         <load_address>0x3c1a</load_address>
         <readonly>true</readonly>
         <run_address>0x3c1a</run_address>
         <size>0xa</size>
         <alignment>0x2</alignment>
         <input_file_ref idref="fl-2"/>
      </object_component>
      <object_component id="oc-12c">
         <name>.rodata.gUART_0Config</name>
         <load_address>0x3c24</load_address>
         <readonly>true</readonly>
         <run_address>0x3c24</run_address>
         <size>0xa</size>
         <alignment>0x2</alignment>
         <input_file_ref idref="fl-2"/>
      </object_component>
      <object_component id="oc-12f">
         <name>.rodata.gSPI_0_clockConfig</name>
         <load_address>0x3c2e</load_address>
         <readonly>true</readonly>
         <run_address>0x3c2e</run_address>
         <size>0x2</size>
         <alignment>0x1</alignment>
         <input_file_ref idref="fl-2"/>
      </object_component>
      <object_component id="oc-137">
         <name>.rodata.gADC12_0ClockConfig</name>
         <load_address>0x3c30</load_address>
         <readonly>true</readonly>
         <run_address>0x3c30</run_address>
         <size>0x8</size>
         <alignment>0x4</alignment>
         <input_file_ref idref="fl-2"/>
      </object_component>
      <object_component id="oc-121">
         <name>.rodata.gPWM_0Config</name>
         <load_address>0x3c38</load_address>
         <readonly>true</readonly>
         <run_address>0x3c38</run_address>
         <size>0x8</size>
         <alignment>0x4</alignment>
         <input_file_ref idref="fl-2"/>
      </object_component>
      <object_component id="oc-123">
         <name>.rodata.gPWM_1Config</name>
         <load_address>0x3c40</load_address>
         <readonly>true</readonly>
         <run_address>0x3c40</run_address>
         <size>0x8</size>
         <alignment>0x4</alignment>
         <input_file_ref idref="fl-2"/>
      </object_component>
      <object_component id="oc-6b">
         <name>.rodata.str1.17669528882079347314.1</name>
         <load_address>0x3c48</load_address>
         <readonly>true</readonly>
         <run_address>0x3c48</run_address>
         <size>0x8</size>
         <alignment>0x1</alignment>
         <input_file_ref idref="fl-1"/>
      </object_component>
      <object_component id="oc-6d">
         <name>.rodata.str1.11898133897667081452.1</name>
         <load_address>0x3c50</load_address>
         <readonly>true</readonly>
         <run_address>0x3c50</run_address>
         <size>0x7</size>
         <alignment>0x1</alignment>
         <input_file_ref idref="fl-1"/>
      </object_component>
      <object_component id="oc-ad">
         <name>.rodata.str1.15706828512682300538.1</name>
         <load_address>0x3c57</load_address>
         <readonly>true</readonly>
         <run_address>0x3c57</run_address>
         <size>0x7</size>
         <alignment>0x1</alignment>
         <input_file_ref idref="fl-1"/>
      </object_component>
      <object_component id="oc-ae">
         <name>.rodata.str1.2196762768037919588.1</name>
         <load_address>0x3c5e</load_address>
         <readonly>true</readonly>
         <run_address>0x3c5e</run_address>
         <size>0x7</size>
         <alignment>0x1</alignment>
         <input_file_ref idref="fl-1"/>
      </object_component>
      <object_component id="oc-67">
         <name>.rodata.str1.254342170260855183.1</name>
         <load_address>0x3c65</load_address>
         <readonly>true</readonly>
         <run_address>0x3c65</run_address>
         <size>0x7</size>
         <alignment>0x1</alignment>
         <input_file_ref idref="fl-1"/>
      </object_component>
      <object_component id="oc-69">
         <name>.rodata.str1.14685083708502177989.1</name>
         <load_address>0x3c6c</load_address>
         <readonly>true</readonly>
         <run_address>0x3c6c</run_address>
         <size>0x6</size>
         <alignment>0x1</alignment>
         <input_file_ref idref="fl-1"/>
      </object_component>
      <object_component id="oc-a8">
         <name>.rodata.str1.16704889451495720520.1</name>
         <load_address>0x3c72</load_address>
         <readonly>true</readonly>
         <run_address>0x3c72</run_address>
         <size>0x6</size>
         <alignment>0x1</alignment>
         <input_file_ref idref="fl-1"/>
      </object_component>
      <object_component id="oc-bd">
         <name>.rodata.str1.18230774644621384456.1</name>
         <load_address>0x3c78</load_address>
         <readonly>true</readonly>
         <run_address>0x3c78</run_address>
         <size>0x6</size>
         <alignment>0x1</alignment>
         <input_file_ref idref="fl-1"/>
      </object_component>
      <object_component id="oc-b0">
         <name>.rodata.str1.9410084661655729462.1</name>
         <load_address>0x3c7e</load_address>
         <readonly>true</readonly>
         <run_address>0x3c7e</run_address>
         <size>0x6</size>
         <alignment>0x1</alignment>
         <input_file_ref idref="fl-1"/>
      </object_component>
      <object_component id="oc-f9">
         <name>.rodata.str1.11822412164550770238.1</name>
         <load_address>0x3c84</load_address>
         <readonly>true</readonly>
         <run_address>0x3c84</run_address>
         <size>0x5</size>
         <alignment>0x1</alignment>
         <input_file_ref idref="fl-1"/>
      </object_component>
      <object_component id="oc-f8">
         <name>.rodata.str1.15170238581331914936.1</name>
         <load_address>0x3c89</load_address>
         <readonly>true</readonly>
         <run_address>0x3c89</run_address>
         <size>0x5</size>
         <alignment>0x1</alignment>
         <input_file_ref idref="fl-1"/>
      </object_component>
      <object_component id="oc-fb">
         <name>.rodata.str1.4000995719088696555.1</name>
         <load_address>0x3c8e</load_address>
         <readonly>true</readonly>
         <run_address>0x3c8e</run_address>
         <size>0x5</size>
         <alignment>0x1</alignment>
         <input_file_ref idref="fl-1"/>
      </object_component>
      <object_component id="oc-fa">
         <name>.rodata.str1.5792233746214848027.1</name>
         <load_address>0x3c93</load_address>
         <readonly>true</readonly>
         <run_address>0x3c93</run_address>
         <size>0x5</size>
         <alignment>0x1</alignment>
         <input_file_ref idref="fl-1"/>
      </object_component>
      <object_component id="oc-ab">
         <name>.rodata.str1.7079713434352825882.1</name>
         <load_address>0x3c98</load_address>
         <readonly>true</readonly>
         <run_address>0x3c98</run_address>
         <size>0x5</size>
         <alignment>0x1</alignment>
         <input_file_ref idref="fl-1"/>
      </object_component>
      <object_component id="oc-102">
         <name>.rodata.str1.15930989295766594416.1</name>
         <load_address>0x3c9d</load_address>
         <readonly>true</readonly>
         <run_address>0x3c9d</run_address>
         <size>0x4</size>
         <alignment>0x1</alignment>
         <input_file_ref idref="fl-1"/>
      </object_component>
      <object_component id="oc-bf">
         <name>.rodata.str1.17102900359786703537.1</name>
         <load_address>0x3ca1</load_address>
         <readonly>true</readonly>
         <run_address>0x3ca1</run_address>
         <size>0x4</size>
         <alignment>0x1</alignment>
         <input_file_ref idref="fl-1"/>
      </object_component>
      <object_component id="oc-c0">
         <name>.rodata.str1.17676052816137622666.1</name>
         <load_address>0x3ca5</load_address>
         <readonly>true</readonly>
         <run_address>0x3ca5</run_address>
         <size>0x4</size>
         <alignment>0x1</alignment>
         <input_file_ref idref="fl-1"/>
      </object_component>
      <object_component id="oc-103">
         <name>.rodata.str1.5100843677217179155.1</name>
         <load_address>0x3ca9</load_address>
         <readonly>true</readonly>
         <run_address>0x3ca9</run_address>
         <size>0x4</size>
         <alignment>0x1</alignment>
         <input_file_ref idref="fl-1"/>
      </object_component>
      <object_component id="oc-104">
         <name>.rodata.str1.6969777895189110550.1</name>
         <load_address>0x3cad</load_address>
         <readonly>true</readonly>
         <run_address>0x3cad</run_address>
         <size>0x4</size>
         <alignment>0x1</alignment>
         <input_file_ref idref="fl-1"/>
      </object_component>
      <object_component id="oc-122">
         <name>.rodata.gPWM_1ClockConfig</name>
         <load_address>0x3cb1</load_address>
         <readonly>true</readonly>
         <run_address>0x3cb1</run_address>
         <size>0x3</size>
         <alignment>0x1</alignment>
         <input_file_ref idref="fl-2"/>
      </object_component>
      <object_component id="oc-12b">
         <name>.rodata.gUART_0ClockConfig</name>
         <load_address>0x3cb4</load_address>
         <readonly>true</readonly>
         <run_address>0x3cb4</run_address>
         <size>0x2</size>
         <alignment>0x1</alignment>
         <input_file_ref idref="fl-2"/>
      </object_component>
      <object_component id="oc-be">
         <name>.rodata.str1.10059295903439925133.1</name>
         <load_address>0x3cb6</load_address>
         <readonly>true</readonly>
         <run_address>0x3cb6</run_address>
         <size>0x2</size>
         <alignment>0x1</alignment>
         <input_file_ref idref="fl-1"/>
      </object_component>
      <object_component id="oc-bc">
         <name>.rodata.str1.101204432782223354.1</name>
         <load_address>0x3cb8</load_address>
         <readonly>true</readonly>
         <run_address>0x3cb8</run_address>
         <size>0x2</size>
         <alignment>0x1</alignment>
         <input_file_ref idref="fl-1"/>
      </object_component>
      <object_component id="oc-bb">
         <name>.rodata.str1.15486159998237592746.1</name>
         <load_address>0x3cba</load_address>
         <readonly>true</readonly>
         <run_address>0x3cba</run_address>
         <size>0x2</size>
         <alignment>0x1</alignment>
         <input_file_ref idref="fl-1"/>
      </object_component>
      <object_component id="oc-155">
         <name>.binit</name>
         <load_address>0x0</load_address>
         <readonly>true</readonly>
         <run_address>0x0</run_address>
         <size>0x0</size>
         <alignment>0x4</alignment>
      </object_component>
      <object_component id="oc-5d">
         <name>.data.gAdcReady</name>
         <load_address>0x2020022f</load_address>
         <readwrite>true</readwrite>
         <run_address>0x2020022f</run_address>
         <size>0x1</size>
         <alignment>0x1</alignment>
         <input_file_ref idref="fl-1"/>
      </object_component>
      <object_component id="oc-5e">
         <name>.data.gAdcResult</name>
         <load_address>0x20200228</load_address>
         <readwrite>true</readwrite>
         <run_address>0x20200228</run_address>
         <size>0x2</size>
         <alignment>0x2</alignment>
         <input_file_ref idref="fl-1"/>
      </object_component>
      <object_component id="oc-b3">
         <name>.data.gBudget</name>
         <load_address>0x20200230</load_address>
         <readwrite>true</readwrite>
         <run_address>0x20200230</run_address>
         <size>0x1</size>
         <alignment>0x1</alignment>
         <input_file_ref idref="fl-1"/>
      </object_component>
      <object_component id="oc-68">
         <name>.data.gHW</name>
         <load_address>0x20200224</load_address>
         <readwrite>true</readwrite>
         <run_address>0x20200224</run_address>
         <size>0x4</size>
         <alignment>0x1</alignment>
         <input_file_ref idref="fl-1"/>
      </object_component>
      <object_component id="oc-6a">
         <name>.data.gEnergyEJ</name>
         <load_address>0x20200220</load_address>
         <readwrite>true</readwrite>
         <run_address>0x20200220</run_address>
         <size>0x4</size>
         <alignment>0x4</alignment>
         <input_file_ref idref="fl-1"/>
      </object_component>
      <object_component id="oc-6c">
         <name>.data.gTempC</name>
         <load_address>0x2020022c</load_address>
         <readwrite>true</readwrite>
         <run_address>0x2020022c</run_address>
         <size>0x2</size>
         <alignment>0x2</alignment>
         <input_file_ref idref="fl-1"/>
      </object_component>
      <object_component id="oc-6e">
         <name>.data.gClkMHz</name>
         <load_address>0x2020022a</load_address>
         <readwrite>true</readwrite>
         <run_address>0x2020022a</run_address>
         <size>0x2</size>
         <alignment>0x2</alignment>
         <input_file_ref idref="fl-1"/>
      </object_component>
      <object_component id="oc-6f">
         <name>.data.gRxReady</name>
         <load_address>0x20200234</load_address>
         <readwrite>true</readwrite>
         <run_address>0x20200234</run_address>
         <size>0x1</size>
         <alignment>0x1</alignment>
         <input_file_ref idref="fl-1"/>
      </object_component>
      <object_component id="oc-65">
         <name>.data.gRxIdx</name>
         <load_address>0x20200233</load_address>
         <readwrite>true</readwrite>
         <run_address>0x20200233</run_address>
         <size>0x1</size>
         <alignment>0x1</alignment>
         <input_file_ref idref="fl-1"/>
      </object_component>
      <object_component id="oc-70">
         <name>.data.gNoRxCount</name>
         <load_address>0x20200232</load_address>
         <readwrite>true</readwrite>
         <run_address>0x20200232</run_address>
         <size>0x1</size>
         <alignment>0x1</alignment>
         <input_file_ref idref="fl-1"/>
      </object_component>
      <object_component id="oc-a9">
         <name>.data.gDisplayMode</name>
         <load_address>0x20200231</load_address>
         <readwrite>true</readwrite>
         <run_address>0x20200231</run_address>
         <size>0x1</size>
         <alignment>0x1</alignment>
         <input_file_ref idref="fl-1"/>
      </object_component>
      <object_component id="oc-b8">
         <name>.data.apply_simulation.sim_tick</name>
         <load_address>0x2020022e</load_address>
         <readwrite>true</readwrite>
         <run_address>0x2020022e</run_address>
         <size>0x1</size>
         <alignment>0x1</alignment>
         <input_file_ref idref="fl-1"/>
      </object_component>
      <object_component id="oc-66">
         <name>.bss.gRxBuf</name>
         <uninitialized>true</uninitialized>
         <readwrite>true</readwrite>
         <run_address>0x20200178</run_address>
         <size>0x80</size>
         <alignment>0x1</alignment>
         <input_file_ref idref="fl-1"/>
      </object_component>
      <object_component id="oc-eb">
         <name>.common:gPWM_0Backup</name>
         <uninitialized>true</uninitialized>
         <readwrite>true</readwrite>
         <run_address>0x20200000</run_address>
         <size>0xbc</size>
         <alignment>0x4</alignment>
      </object_component>
      <object_component id="oc-ec">
         <name>.common:gPWM_1Backup</name>
         <uninitialized>true</uninitialized>
         <readwrite>true</readwrite>
         <run_address>0x202000bc</run_address>
         <size>0xbc</size>
         <alignment>0x4</alignment>
      </object_component>
      <object_component id="oc-ed">
         <name>.common:gSPI_0Backup</name>
         <uninitialized>true</uninitialized>
         <readwrite>true</readwrite>
         <run_address>0x202001f8</run_address>
         <size>0x28</size>
         <alignment>0x4</alignment>
      </object_component>
      <object_component id="oc-1a">
         <name>.stack</name>
         <uninitialized>true</uninitialized>
         <readwrite>true</readwrite>
         <run_address>0x20207e00</run_address>
         <size>0x4</size>
         <alignment>0x4</alignment>
         <input_file_ref idref="fl-30"/>
      </object_component>
      <object_component id="oc-190">
         <name>.stack</name>
         <uninitialized>true</uninitialized>
         <readwrite>true</readwrite>
         <run_address>0x20207e00</run_address>
         <size>0x0</size>
         <alignment>0x8</alignment>
      </object_component>
      <object_component id="oc-3a">
         <name>.debug_loc</name>
         <load_address>0x0</load_address>
         <run_address>0x0</run_address>
         <size>0x4005</size>
         <alignment>0x1</alignment>
         <input_file_ref idref="fl-1"/>
      </object_component>
      <object_component id="oc-e5">
         <name>.debug_loc</name>
         <load_address>0x4005</load_address>
         <run_address>0x4005</run_address>
         <size>0x1bc</size>
         <alignment>0x1</alignment>
         <input_file_ref idref="fl-2"/>
      </object_component>
      <object_component id="oc-132">
         <name>.debug_loc</name>
         <load_address>0x41c1</load_address>
         <run_address>0x41c1</run_address>
         <size>0xc7</size>
         <alignment>0x1</alignment>
         <input_file_ref idref="fl-11"/>
      </object_component>
      <object_component id="oc-f2">
         <name>.debug_loc</name>
         <load_address>0x4288</load_address>
         <run_address>0x4288</run_address>
         <size>0x13</size>
         <alignment>0x1</alignment>
         <input_file_ref idref="fl-12"/>
      </object_component>
      <object_component id="oc-a0">
         <name>.debug_loc</name>
         <load_address>0x429b</load_address>
         <run_address>0x429b</run_address>
         <size>0x88e</size>
         <alignment>0x1</alignment>
         <input_file_ref idref="fl-13"/>
      </object_component>
      <object_component id="oc-117">
         <name>.debug_loc</name>
         <load_address>0x4b29</load_address>
         <run_address>0x4b29</run_address>
         <size>0x1a68</size>
         <alignment>0x1</alignment>
         <input_file_ref idref="fl-14"/>
      </object_component>
      <object_component id="oc-125">
         <name>.debug_loc</name>
         <load_address>0x6591</load_address>
         <run_address>0x6591</run_address>
         <size>0x7e4</size>
         <alignment>0x1</alignment>
         <input_file_ref idref="fl-15"/>
      </object_component>
      <object_component id="oc-8b">
         <name>.debug_loc</name>
         <load_address>0x6d75</load_address>
         <run_address>0x6d75</run_address>
         <size>0x91</size>
         <alignment>0x1</alignment>
         <input_file_ref idref="fl-2c"/>
      </object_component>
      <object_component id="oc-4e">
         <name>.debug_loc</name>
         <load_address>0x6e06</load_address>
         <run_address>0x6e06</run_address>
         <size>0x16c</size>
         <alignment>0x1</alignment>
         <input_file_ref idref="fl-2d"/>
      </object_component>
      <object_component id="oc-4c">
         <name>.debug_loc</name>
         <load_address>0x6f72</load_address>
         <run_address>0x6f72</run_address>
         <size>0x6f</size>
         <alignment>0x1</alignment>
         <input_file_ref idref="fl-2e"/>
      </object_component>
      <object_component id="oc-44">
         <name>.debug_loc</name>
         <load_address>0x6fe1</load_address>
         <run_address>0x6fe1</run_address>
         <size>0x167</size>
         <alignment>0x1</alignment>
         <input_file_ref idref="fl-2f"/>
      </object_component>
      <object_component id="oc-41">
         <name>.debug_loc</name>
         <load_address>0x7148</load_address>
         <run_address>0x7148</run_address>
         <size>0xd8</size>
         <alignment>0x1</alignment>
         <input_file_ref idref="fl-30"/>
      </object_component>
      <object_component id="oc-c8">
         <name>.debug_loc</name>
         <load_address>0x7220</load_address>
         <run_address>0x7220</run_address>
         <size>0x26</size>
         <alignment>0x1</alignment>
         <input_file_ref idref="fl-32"/>
      </object_component>
      <object_component id="oc-ca">
         <name>.debug_loc</name>
         <load_address>0x7246</load_address>
         <run_address>0x7246</run_address>
         <size>0x424</size>
         <alignment>0x1</alignment>
         <input_file_ref idref="fl-35"/>
      </object_component>
      <object_component id="oc-13a">
         <name>.debug_loc</name>
         <load_address>0x766a</load_address>
         <run_address>0x766a</run_address>
         <size>0x20</size>
         <alignment>0x1</alignment>
         <input_file_ref idref="fl-db"/>
      </object_component>
      <object_component id="oc-5f">
         <name>.debug_abbrev</name>
         <load_address>0x0</load_address>
         <run_address>0x0</run_address>
         <size>0x36f</size>
         <alignment>0x1</alignment>
         <input_file_ref idref="fl-1"/>
      </object_component>
      <object_component id="oc-ee">
         <name>.debug_abbrev</name>
         <load_address>0x36f</load_address>
         <run_address>0x36f</run_address>
         <size>0x231</size>
         <alignment>0x1</alignment>
         <input_file_ref idref="fl-2"/>
      </object_component>
      <object_component id="oc-3b">
         <name>.debug_abbrev</name>
         <load_address>0x5a0</load_address>
         <run_address>0x5a0</run_address>
         <size>0x6d</size>
         <alignment>0x1</alignment>
         <input_file_ref idref="fl-3"/>
      </object_component>
      <object_component id="oc-14a">
         <name>.debug_abbrev</name>
         <load_address>0x60d</load_address>
         <run_address>0x60d</run_address>
         <size>0x171</size>
         <alignment>0x1</alignment>
         <input_file_ref idref="fl-11"/>
      </object_component>
      <object_component id="oc-f0">
         <name>.debug_abbrev</name>
         <load_address>0x77e</load_address>
         <run_address>0x77e</run_address>
         <size>0x62</size>
         <alignment>0x1</alignment>
         <input_file_ref idref="fl-12"/>
      </object_component>
      <object_component id="oc-f3">
         <name>.debug_abbrev</name>
         <load_address>0x7e0</load_address>
         <run_address>0x7e0</run_address>
         <size>0x277</size>
         <alignment>0x1</alignment>
         <input_file_ref idref="fl-13"/>
      </object_component>
      <object_component id="oc-146">
         <name>.debug_abbrev</name>
         <load_address>0xa57</load_address>
         <run_address>0xa57</run_address>
         <size>0x286</size>
         <alignment>0x1</alignment>
         <input_file_ref idref="fl-14"/>
      </object_component>
      <object_component id="oc-148">
         <name>.debug_abbrev</name>
         <load_address>0xcdd</load_address>
         <run_address>0xcdd</run_address>
         <size>0x29b</size>
         <alignment>0x1</alignment>
         <input_file_ref idref="fl-15"/>
      </object_component>
      <object_component id="oc-89">
         <name>.debug_abbrev</name>
         <load_address>0xf78</load_address>
         <run_address>0xf78</run_address>
         <size>0x8a</size>
         <alignment>0x1</alignment>
         <input_file_ref idref="fl-2c"/>
      </object_component>
      <object_component id="oc-73">
         <name>.debug_abbrev</name>
         <load_address>0x1002</load_address>
         <run_address>0x1002</run_address>
         <size>0xc2</size>
         <alignment>0x1</alignment>
         <input_file_ref idref="fl-2d"/>
      </object_component>
      <object_component id="oc-4a">
         <name>.debug_abbrev</name>
         <load_address>0x10c4</load_address>
         <run_address>0x10c4</run_address>
         <size>0x70</size>
         <alignment>0x1</alignment>
         <input_file_ref idref="fl-2e"/>
      </object_component>
      <object_component id="oc-42">
         <name>.debug_abbrev</name>
         <load_address>0x1134</load_address>
         <run_address>0x1134</run_address>
         <size>0x8d</size>
         <alignment>0x1</alignment>
         <input_file_ref idref="fl-2f"/>
      </object_component>
      <object_component id="oc-3d">
         <name>.debug_abbrev</name>
         <load_address>0x11c1</load_address>
         <run_address>0x11c1</run_address>
         <size>0xaf</size>
         <alignment>0x1</alignment>
         <input_file_ref idref="fl-30"/>
      </object_component>
      <object_component id="oc-109">
         <name>.debug_abbrev</name>
         <load_address>0x1270</load_address>
         <run_address>0x1270</run_address>
         <size>0x98</size>
         <alignment>0x1</alignment>
         <input_file_ref idref="fl-32"/>
      </object_component>
      <object_component id="oc-10f">
         <name>.debug_abbrev</name>
         <load_address>0x1308</load_address>
         <run_address>0x1308</run_address>
         <size>0x170</size>
         <alignment>0x1</alignment>
         <input_file_ref idref="fl-35"/>
      </object_component>
      <object_component id="oc-94">
         <name>.debug_abbrev</name>
         <load_address>0x1478</load_address>
         <run_address>0x1478</run_address>
         <size>0x39</size>
         <alignment>0x1</alignment>
         <input_file_ref idref="fl-36"/>
      </object_component>
      <object_component id="oc-13b">
         <name>.debug_abbrev</name>
         <load_address>0x14b1</load_address>
         <run_address>0x14b1</run_address>
         <size>0x2c</size>
         <alignment>0x1</alignment>
         <input_file_ref idref="fl-d7"/>
      </object_component>
      <object_component id="oc-72">
         <name>.debug_abbrev</name>
         <load_address>0x14dd</load_address>
         <run_address>0x14dd</run_address>
         <size>0x27</size>
         <alignment>0x1</alignment>
         <input_file_ref idref="fl-d8"/>
      </object_component>
      <object_component id="oc-101">
         <name>.debug_abbrev</name>
         <load_address>0x1504</load_address>
         <run_address>0x1504</run_address>
         <size>0x27</size>
         <alignment>0x1</alignment>
         <input_file_ref idref="fl-da"/>
      </object_component>
      <object_component id="oc-138">
         <name>.debug_abbrev</name>
         <load_address>0x152b</load_address>
         <run_address>0x152b</run_address>
         <size>0x59</size>
         <alignment>0x1</alignment>
         <input_file_ref idref="fl-db"/>
      </object_component>
      <object_component id="oc-db">
         <name>.debug_abbrev</name>
         <load_address>0x1584</load_address>
         <run_address>0x1584</run_address>
         <size>0x25</size>
         <alignment>0x1</alignment>
         <input_file_ref idref="fl-dc"/>
      </object_component>
      <object_component id="oc-192">
         <name>.debug_abbrev</name>
         <load_address>0x15a9</load_address>
         <run_address>0x15a9</run_address>
         <size>0xf</size>
         <alignment>0x0</alignment>
      </object_component>
      <object_component id="oc-35">
         <name>.debug_info</name>
         <load_address>0x0</load_address>
         <run_address>0x0</run_address>
         <size>0x53b7</size>
         <alignment>0x1</alignment>
         <input_file_ref idref="fl-1"/>
      </object_component>
      <object_component id="oc-97">
         <name>.debug_info</name>
         <load_address>0x53b7</load_address>
         <run_address>0x53b7</run_address>
         <size>0x3c7c</size>
         <alignment>0x1</alignment>
         <input_file_ref idref="fl-2"/>
      </object_component>
      <object_component id="oc-19">
         <name>.debug_info</name>
         <load_address>0x9033</load_address>
         <run_address>0x9033</run_address>
         <size>0x80</size>
         <alignment>0x1</alignment>
         <input_file_ref idref="fl-3"/>
      </object_component>
      <object_component id="oc-133">
         <name>.debug_info</name>
         <load_address>0x90b3</load_address>
         <run_address>0x90b3</run_address>
         <size>0x745</size>
         <alignment>0x1</alignment>
         <input_file_ref idref="fl-11"/>
      </object_component>
      <object_component id="oc-9c">
         <name>.debug_info</name>
         <load_address>0x97f8</load_address>
         <run_address>0x97f8</run_address>
         <size>0x75</size>
         <alignment>0x1</alignment>
         <input_file_ref idref="fl-12"/>
      </object_component>
      <object_component id="oc-a1">
         <name>.debug_info</name>
         <load_address>0x986d</load_address>
         <run_address>0x986d</run_address>
         <size>0x118a</size>
         <alignment>0x1</alignment>
         <input_file_ref idref="fl-13"/>
      </object_component>
      <object_component id="oc-118">
         <name>.debug_info</name>
         <load_address>0xa9f7</load_address>
         <run_address>0xa9f7</run_address>
         <size>0x32ed</size>
         <alignment>0x1</alignment>
         <input_file_ref idref="fl-14"/>
      </object_component>
      <object_component id="oc-126">
         <name>.debug_info</name>
         <load_address>0xdce4</load_address>
         <run_address>0xdce4</run_address>
         <size>0x12cf</size>
         <alignment>0x1</alignment>
         <input_file_ref idref="fl-15"/>
      </object_component>
      <object_component id="oc-62">
         <name>.debug_info</name>
         <load_address>0xefb3</load_address>
         <run_address>0xefb3</run_address>
         <size>0xb0</size>
         <alignment>0x1</alignment>
         <input_file_ref idref="fl-2c"/>
      </object_component>
      <object_component id="oc-4f">
         <name>.debug_info</name>
         <load_address>0xf063</load_address>
         <run_address>0xf063</run_address>
         <size>0x192</size>
         <alignment>0x1</alignment>
         <input_file_ref idref="fl-2d"/>
      </object_component>
      <object_component id="oc-21">
         <name>.debug_info</name>
         <load_address>0xf1f5</load_address>
         <run_address>0xf1f5</run_address>
         <size>0xc6</size>
         <alignment>0x1</alignment>
         <input_file_ref idref="fl-2e"/>
      </object_component>
      <object_component id="oc-1d">
         <name>.debug_info</name>
         <load_address>0xf2bb</load_address>
         <run_address>0xf2bb</run_address>
         <size>0x17c</size>
         <alignment>0x1</alignment>
         <input_file_ref idref="fl-2f"/>
      </object_component>
      <object_component id="oc-1b">
         <name>.debug_info</name>
         <load_address>0xf437</load_address>
         <run_address>0xf437</run_address>
         <size>0x423</size>
         <alignment>0x1</alignment>
         <input_file_ref idref="fl-30"/>
      </object_component>
      <object_component id="oc-c3">
         <name>.debug_info</name>
         <load_address>0xf85a</load_address>
         <run_address>0xf85a</run_address>
         <size>0xf8</size>
         <alignment>0x1</alignment>
         <input_file_ref idref="fl-32"/>
      </object_component>
      <object_component id="oc-cb">
         <name>.debug_info</name>
         <load_address>0xf952</load_address>
         <run_address>0xf952</run_address>
         <size>0x744</size>
         <alignment>0x1</alignment>
         <input_file_ref idref="fl-35"/>
      </object_component>
      <object_component id="oc-7b">
         <name>.debug_info</name>
         <load_address>0x10096</load_address>
         <run_address>0x10096</run_address>
         <size>0x46</size>
         <alignment>0x1</alignment>
         <input_file_ref idref="fl-36"/>
      </object_component>
      <object_component id="oc-106">
         <name>.debug_info</name>
         <load_address>0x100dc</load_address>
         <run_address>0x100dc</run_address>
         <size>0x3b</size>
         <alignment>0x1</alignment>
         <input_file_ref idref="fl-d7"/>
      </object_component>
      <object_component id="oc-49">
         <name>.debug_info</name>
         <load_address>0x10117</load_address>
         <run_address>0x10117</run_address>
         <size>0x19b</size>
         <alignment>0x1</alignment>
         <input_file_ref idref="fl-d8"/>
      </object_component>
      <object_component id="oc-b5">
         <name>.debug_info</name>
         <load_address>0x102b2</load_address>
         <run_address>0x102b2</run_address>
         <size>0x1be</size>
         <alignment>0x1</alignment>
         <input_file_ref idref="fl-da"/>
      </object_component>
      <object_component id="oc-fd">
         <name>.debug_info</name>
         <load_address>0x10470</load_address>
         <run_address>0x10470</run_address>
         <size>0x85</size>
         <alignment>0x1</alignment>
         <input_file_ref idref="fl-db"/>
      </object_component>
      <object_component id="oc-8e">
         <name>.debug_info</name>
         <load_address>0x104f5</load_address>
         <run_address>0x104f5</run_address>
         <size>0x2fb</size>
         <alignment>0x1</alignment>
         <input_file_ref idref="fl-dc"/>
      </object_component>
      <object_component id="oc-191">
         <name>.debug_info</name>
         <load_address>0x107f0</load_address>
         <run_address>0x107f0</run_address>
         <size>0xab</size>
         <alignment>0x0</alignment>
      </object_component>
      <object_component id="oc-36">
         <name>.debug_ranges</name>
         <load_address>0x0</load_address>
         <run_address>0x0</run_address>
         <size>0x2300</size>
         <alignment>0x1</alignment>
         <input_file_ref idref="fl-1"/>
      </object_component>
      <object_component id="oc-98">
         <name>.debug_ranges</name>
         <load_address>0x2300</load_address>
         <run_address>0x2300</run_address>
         <size>0x60</size>
         <alignment>0x1</alignment>
         <input_file_ref idref="fl-2"/>
      </object_component>
      <object_component id="oc-30">
         <name>.debug_ranges</name>
         <load_address>0x2360</load_address>
         <run_address>0x2360</run_address>
         <size>0x18</size>
         <alignment>0x1</alignment>
         <input_file_ref idref="fl-3"/>
      </object_component>
      <object_component id="oc-134">
         <name>.debug_ranges</name>
         <load_address>0x2378</load_address>
         <run_address>0x2378</run_address>
         <size>0x18</size>
         <alignment>0x1</alignment>
         <input_file_ref idref="fl-11"/>
      </object_component>
      <object_component id="oc-a2">
         <name>.debug_ranges</name>
         <load_address>0x2390</load_address>
         <run_address>0x2390</run_address>
         <size>0x3f0</size>
         <alignment>0x1</alignment>
         <input_file_ref idref="fl-13"/>
      </object_component>
      <object_component id="oc-119">
         <name>.debug_ranges</name>
         <load_address>0x2780</load_address>
         <run_address>0x2780</run_address>
         <size>0x1d8</size>
         <alignment>0x1</alignment>
         <input_file_ref idref="fl-14"/>
      </object_component>
      <object_component id="oc-127">
         <name>.debug_ranges</name>
         <load_address>0x2958</load_address>
         <run_address>0x2958</run_address>
         <size>0x1c8</size>
         <alignment>0x1</alignment>
         <input_file_ref idref="fl-15"/>
      </object_component>
      <object_component id="oc-50">
         <name>.debug_ranges</name>
         <load_address>0x2b20</load_address>
         <run_address>0x2b20</run_address>
         <size>0x18</size>
         <alignment>0x1</alignment>
         <input_file_ref idref="fl-2d"/>
      </object_component>
      <object_component id="oc-45">
         <name>.debug_ranges</name>
         <load_address>0x2b38</load_address>
         <run_address>0x2b38</run_address>
         <size>0x50</size>
         <alignment>0x1</alignment>
         <input_file_ref idref="fl-2f"/>
      </object_component>
      <object_component id="oc-40">
         <name>.debug_ranges</name>
         <load_address>0x2b88</load_address>
         <run_address>0x2b88</run_address>
         <size>0x48</size>
         <alignment>0x1</alignment>
         <input_file_ref idref="fl-30"/>
      </object_component>
      <object_component id="oc-c4">
         <name>.debug_ranges</name>
         <load_address>0x2bd0</load_address>
         <run_address>0x2bd0</run_address>
         <size>0x18</size>
         <alignment>0x1</alignment>
         <input_file_ref idref="fl-32"/>
      </object_component>
      <object_component id="oc-cc">
         <name>.debug_ranges</name>
         <load_address>0x2be8</load_address>
         <run_address>0x2be8</run_address>
         <size>0x48</size>
         <alignment>0x1</alignment>
         <input_file_ref idref="fl-35"/>
      </object_component>
      <object_component id="oc-fe">
         <name>.debug_ranges</name>
         <load_address>0x2c30</load_address>
         <run_address>0x2c30</run_address>
         <size>0x18</size>
         <alignment>0x1</alignment>
         <input_file_ref idref="fl-db"/>
      </object_component>
      <object_component id="oc-90">
         <name>.debug_ranges</name>
         <load_address>0x2c48</load_address>
         <run_address>0x2c48</run_address>
         <size>0x28</size>
         <alignment>0x1</alignment>
         <input_file_ref idref="fl-dc"/>
      </object_component>
      <object_component id="oc-60">
         <name>.debug_str</name>
         <load_address>0x0</load_address>
         <run_address>0x0</run_address>
         <size>0x1303</size>
         <alignment>0x1</alignment>
         <input_file_ref idref="fl-1"/>
      </object_component>
      <object_component id="oc-ef">
         <name>.debug_str</name>
         <load_address>0x1303</load_address>
         <run_address>0x1303</run_address>
         <size>0x2ec9</size>
         <alignment>0x1</alignment>
         <input_file_ref idref="fl-2"/>
      </object_component>
      <object_component id="oc-3c">
         <name>.debug_str</name>
         <load_address>0x41cc</load_address>
         <run_address>0x41cc</run_address>
         <size>0x16c</size>
         <alignment>0x1</alignment>
         <input_file_ref idref="fl-3"/>
      </object_component>
      <object_component id="oc-14b">
         <name>.debug_str</name>
         <load_address>0x4338</load_address>
         <run_address>0x4338</run_address>
         <size>0x63c</size>
         <alignment>0x1</alignment>
         <input_file_ref idref="fl-11"/>
      </object_component>
      <object_component id="oc-f1">
         <name>.debug_str</name>
         <load_address>0x4974</load_address>
         <run_address>0x4974</run_address>
         <size>0x178</size>
         <alignment>0x1</alignment>
         <input_file_ref idref="fl-12"/>
      </object_component>
      <object_component id="oc-f4">
         <name>.debug_str</name>
         <load_address>0x4aec</load_address>
         <run_address>0x4aec</run_address>
         <size>0xc54</size>
         <alignment>0x1</alignment>
         <input_file_ref idref="fl-13"/>
      </object_component>
      <object_component id="oc-147">
         <name>.debug_str</name>
         <load_address>0x5740</load_address>
         <run_address>0x5740</run_address>
         <size>0x1fec</size>
         <alignment>0x1</alignment>
         <input_file_ref idref="fl-14"/>
      </object_component>
      <object_component id="oc-149">
         <name>.debug_str</name>
         <load_address>0x772c</load_address>
         <run_address>0x772c</run_address>
         <size>0xcfd</size>
         <alignment>0x1</alignment>
         <input_file_ref idref="fl-15"/>
      </object_component>
      <object_component id="oc-8a">
         <name>.debug_str</name>
         <load_address>0x8429</load_address>
         <run_address>0x8429</run_address>
         <size>0x10b</size>
         <alignment>0x1</alignment>
         <input_file_ref idref="fl-2c"/>
      </object_component>
      <object_component id="oc-74">
         <name>.debug_str</name>
         <load_address>0x8534</load_address>
         <run_address>0x8534</run_address>
         <size>0x19c</size>
         <alignment>0x1</alignment>
         <input_file_ref idref="fl-2d"/>
      </object_component>
      <object_component id="oc-4b">
         <name>.debug_str</name>
         <load_address>0x86d0</load_address>
         <run_address>0x86d0</run_address>
         <size>0x169</size>
         <alignment>0x1</alignment>
         <input_file_ref idref="fl-2e"/>
      </object_component>
      <object_component id="oc-43">
         <name>.debug_str</name>
         <load_address>0x8839</load_address>
         <run_address>0x8839</run_address>
         <size>0x1d6</size>
         <alignment>0x1</alignment>
         <input_file_ref idref="fl-2f"/>
      </object_component>
      <object_component id="oc-3e">
         <name>.debug_str</name>
         <load_address>0x8a0f</load_address>
         <run_address>0x8a0f</run_address>
         <size>0x226</size>
         <alignment>0x1</alignment>
         <input_file_ref idref="fl-30"/>
      </object_component>
      <object_component id="oc-10a">
         <name>.debug_str</name>
         <load_address>0x8c35</load_address>
         <run_address>0x8c35</run_address>
         <size>0x149</size>
         <alignment>0x1</alignment>
         <input_file_ref idref="fl-32"/>
      </object_component>
      <object_component id="oc-110">
         <name>.debug_str</name>
         <load_address>0x8d7e</load_address>
         <run_address>0x8d7e</run_address>
         <size>0x330</size>
         <alignment>0x1</alignment>
         <input_file_ref idref="fl-35"/>
      </object_component>
      <object_component id="oc-95">
         <name>.debug_str</name>
         <load_address>0x90ae</load_address>
         <run_address>0x90ae</run_address>
         <size>0xf6</size>
         <alignment>0x1</alignment>
         <input_file_ref idref="fl-36"/>
      </object_component>
      <object_component id="oc-13c">
         <name>.debug_str</name>
         <load_address>0x91a4</load_address>
         <run_address>0x91a4</run_address>
         <size>0xea</size>
         <alignment>0x1</alignment>
         <input_file_ref idref="fl-d7"/>
      </object_component>
      <object_component id="oc-139">
         <name>.debug_str</name>
         <load_address>0x928e</load_address>
         <run_address>0x928e</run_address>
         <size>0x195</size>
         <alignment>0x1</alignment>
         <input_file_ref idref="fl-db"/>
      </object_component>
      <object_component id="oc-37">
         <name>.debug_frame</name>
         <load_address>0x0</load_address>
         <run_address>0x0</run_address>
         <size>0xd8</size>
         <alignment>0x4</alignment>
         <input_file_ref idref="fl-1"/>
      </object_component>
      <object_component id="oc-99">
         <name>.debug_frame</name>
         <load_address>0xd8</load_address>
         <run_address>0xd8</run_address>
         <size>0x128</size>
         <alignment>0x4</alignment>
         <input_file_ref idref="fl-2"/>
      </object_component>
      <object_component id="oc-31">
         <name>.debug_frame</name>
         <load_address>0x200</load_address>
         <run_address>0x200</run_address>
         <size>0x30</size>
         <alignment>0x4</alignment>
         <input_file_ref idref="fl-3"/>
      </object_component>
      <object_component id="oc-135">
         <name>.debug_frame</name>
         <load_address>0x230</load_address>
         <run_address>0x230</run_address>
         <size>0x4c</size>
         <alignment>0x4</alignment>
         <input_file_ref idref="fl-11"/>
      </object_component>
      <object_component id="oc-9d">
         <name>.debug_frame</name>
         <load_address>0x27c</load_address>
         <run_address>0x27c</run_address>
         <size>0x20</size>
         <alignment>0x4</alignment>
         <input_file_ref idref="fl-12"/>
      </object_component>
      <object_component id="oc-a3">
         <name>.debug_frame</name>
         <load_address>0x29c</load_address>
         <run_address>0x29c</run_address>
         <size>0x234</size>
         <alignment>0x4</alignment>
         <input_file_ref idref="fl-13"/>
      </object_component>
      <object_component id="oc-11a">
         <name>.debug_frame</name>
         <load_address>0x4d0</load_address>
         <run_address>0x4d0</run_address>
         <size>0x408</size>
         <alignment>0x4</alignment>
         <input_file_ref idref="fl-14"/>
      </object_component>
      <object_component id="oc-128">
         <name>.debug_frame</name>
         <load_address>0x8d8</load_address>
         <run_address>0x8d8</run_address>
         <size>0x1b8</size>
         <alignment>0x4</alignment>
         <input_file_ref idref="fl-15"/>
      </object_component>
      <object_component id="oc-63">
         <name>.debug_frame</name>
         <load_address>0xa90</load_address>
         <run_address>0xa90</run_address>
         <size>0x28</size>
         <alignment>0x4</alignment>
         <input_file_ref idref="fl-2c"/>
      </object_component>
      <object_component id="oc-51">
         <name>.debug_frame</name>
         <load_address>0xab8</load_address>
         <run_address>0xab8</run_address>
         <size>0x38</size>
         <alignment>0x4</alignment>
         <input_file_ref idref="fl-2d"/>
      </object_component>
      <object_component id="oc-22">
         <name>.debug_frame</name>
         <load_address>0xaf0</load_address>
         <run_address>0xaf0</run_address>
         <size>0x28</size>
         <alignment>0x4</alignment>
         <input_file_ref idref="fl-2e"/>
      </object_component>
      <object_component id="oc-1e">
         <name>.debug_frame</name>
         <load_address>0xb18</load_address>
         <run_address>0xb18</run_address>
         <size>0x30</size>
         <alignment>0x4</alignment>
         <input_file_ref idref="fl-2f"/>
      </object_component>
      <object_component id="oc-55">
         <name>.debug_frame</name>
         <load_address>0xb48</load_address>
         <run_address>0xb48</run_address>
         <size>0x90</size>
         <alignment>0x4</alignment>
         <input_file_ref idref="fl-30"/>
      </object_component>
      <object_component id="oc-c5">
         <name>.debug_frame</name>
         <load_address>0xbd8</load_address>
         <run_address>0xbd8</run_address>
         <size>0x30</size>
         <alignment>0x4</alignment>
         <input_file_ref idref="fl-32"/>
      </object_component>
      <object_component id="oc-cd">
         <name>.debug_frame</name>
         <load_address>0xc08</load_address>
         <run_address>0xc08</run_address>
         <size>0x100</size>
         <alignment>0x4</alignment>
         <input_file_ref idref="fl-35"/>
      </object_component>
      <object_component id="oc-7c">
         <name>.debug_frame</name>
         <load_address>0xd08</load_address>
         <run_address>0xd08</run_address>
         <size>0x20</size>
         <alignment>0x4</alignment>
         <input_file_ref idref="fl-36"/>
      </object_component>
      <object_component id="oc-107">
         <name>.debug_frame</name>
         <load_address>0xd28</load_address>
         <run_address>0xd28</run_address>
         <size>0x20</size>
         <alignment>0x4</alignment>
         <input_file_ref idref="fl-d7"/>
      </object_component>
      <object_component id="oc-ff">
         <name>.debug_frame</name>
         <load_address>0xd48</load_address>
         <run_address>0xd48</run_address>
         <size>0x30</size>
         <alignment>0x4</alignment>
         <input_file_ref idref="fl-db"/>
      </object_component>
      <object_component id="oc-38">
         <name>.debug_line</name>
         <load_address>0x0</load_address>
         <run_address>0x0</run_address>
         <size>0x46de</size>
         <alignment>0x1</alignment>
         <input_file_ref idref="fl-1"/>
      </object_component>
      <object_component id="oc-9a">
         <name>.debug_line</name>
         <load_address>0x46de</load_address>
         <run_address>0x46de</run_address>
         <size>0x978</size>
         <alignment>0x1</alignment>
         <input_file_ref idref="fl-2"/>
      </object_component>
      <object_component id="oc-32">
         <name>.debug_line</name>
         <load_address>0x5056</load_address>
         <run_address>0x5056</run_address>
         <size>0xc4</size>
         <alignment>0x1</alignment>
         <input_file_ref idref="fl-3"/>
      </object_component>
      <object_component id="oc-136">
         <name>.debug_line</name>
         <load_address>0x511a</load_address>
         <run_address>0x511a</run_address>
         <size>0x280</size>
         <alignment>0x1</alignment>
         <input_file_ref idref="fl-11"/>
      </object_component>
      <object_component id="oc-9e">
         <name>.debug_line</name>
         <load_address>0x539a</load_address>
         <run_address>0x539a</run_address>
         <size>0x179</size>
         <alignment>0x1</alignment>
         <input_file_ref idref="fl-12"/>
      </object_component>
      <object_component id="oc-a4">
         <name>.debug_line</name>
         <load_address>0x5513</load_address>
         <run_address>0x5513</run_address>
         <size>0xc96</size>
         <alignment>0x1</alignment>
         <input_file_ref idref="fl-13"/>
      </object_component>
      <object_component id="oc-11b">
         <name>.debug_line</name>
         <load_address>0x61a9</load_address>
         <run_address>0x61a9</run_address>
         <size>0x17a1</size>
         <alignment>0x1</alignment>
         <input_file_ref idref="fl-14"/>
      </object_component>
      <object_component id="oc-129">
         <name>.debug_line</name>
         <load_address>0x794a</load_address>
[...]
            <available_space>
               <start_address>0x3cf8</start_address>
               <size>0x1c308</size>
            </available_space>
         </usage_details>
      </memory_area>
      <memory_area display="yes" color="green">
         <name>SRAM</name>
         <page_id>0x0</page_id>
         <origin>0x20200000</origin>
         <length>0x8000</length>
         <used_space>0x435</used_space>
         <unused_space>0x7bcb</unused_space>
         <attributes>RWX</attributes>
         <usage_details>
            <allocated_space>
               <start_address>0x20200000</start_address>
               <size>0x0</size>
               <logical_group_ref idref="lg-151"/>
            </allocated_space>
            <allocated_space>
               <start_address>0x20200000</start_address>
               <size>0x0</size>
               <logical_group_ref idref="lg-153"/>
            </allocated_space>
            <allocated_space>
               <start_address>0x20200000</start_address>
               <size>0x220</size>
               <logical_group_ref idref="lg-f"/>
            </allocated_space>
            <allocated_space>
               <start_address>0x20200220</start_address>
               <size>0x15</size>
               <logical_group_ref idref="lg-e"/>
            </allocated_space>
            <available_space>
               <start_address>0x20200235</start_address>
               <size>0x7bcb</size>
            </available_space>
            <allocated_space>
               <start_address>0x20207e00</start_address>
               <size>0x200</size>
               <logical_group_ref idref="lg-11"/>
            </allocated_space>
         </usage_details>
      </memory_area>
      <memory_area display="yes" color="green">
         <name>BCR_CONFIG</name>
         <page_id>0x0</page_id>
         <origin>0x41c00000</origin>
         <length>0xff</length>
         <used_space>0x0</used_space>
         <unused_space>0xff</unused_space>
         <attributes>R</attributes>
         <usage_details>
         </usage_details>
      </memory_area>
      <memory_area display="yes" color="green">
         <name>BSL_CONFIG</name>
         <page_id>0x0</page_id>
         <origin>0x41c00100</origin>
         <length>0x80</length>
         <used_space>0x0</used_space>
         <unused_space>0x80</unused_space>
         <attributes>R</attributes>
         <usage_details>
         </usage_details>
      </memory_area>
   </placement_map>
   <cptbl_list>
      <cptbl>
         <name>__TI_cinit_table</name>
         <cprec>
            <name>.data</name>
            <load_address>0x3cc0</load_address>
            <load_size>0x12</load_size>
            <run_address>0x20200220</run_address>
            <run_size>0x15</run_size>
            <compression>lzss</compression>
         </cprec>
         <cprec>
            <name>.bss</name>
            <load_address>0x3ce0</load_address>
            <load_size>0x8</load_size>
            <run_address>0x20200000</run_address>
            <run_size>0x220</run_size>
            <compression>zero_init</compression>
         </cprec>
      </cptbl>
   </cptbl_list>
   <handler_table>
      <handler_table_name>__TI_handler_table</handler_table_name>
      <handler>
         <index>0x0</index>
         <name>__TI_decompress_lzss</name>
      </handler>
      <handler>
         <index>0x1</index>
         <name>__TI_decompress_none</name>
      </handler>
      <handler>
         <index>0x2</index>
         <name>__TI_zero_init</name>
      </handler>
   </handler_table>
   <symbol_table>
      <symbol id="sm-1">
         <name>__start___llvm_prf_cnts</name>
         <value>0x20200000</value>
      </symbol>
      <symbol id="sm-2">
         <name>__stop___llvm_prf_cnts</name>
         <value>0x20200000</value>
      </symbol>
      <symbol id="sm-3">
         <name>__start___llvm_prf_bits</name>
         <value>0x20200000</value>
      </symbol>
      <symbol id="sm-4">
         <name>__stop___llvm_prf_bits</name>
         <value>0x20200000</value>
      </symbol>
      <symbol id="sm-5">
         <name>__TI_CINIT_Base</name>
         <value>0x3ce8</value>
      </symbol>
      <symbol id="sm-6">
         <name>__TI_CINIT_Limit</name>
         <value>0x3cf8</value>
      </symbol>
      <symbol id="sm-7">
         <name>__TI_CINIT_Warm</name>
         <value>0x3cf8</value>
      </symbol>
      <symbol id="sm-8">
         <name>__TI_Handler_Table_Base</name>
         <value>0x3cd4</value>
      </symbol>
      <symbol id="sm-9">
         <name>__TI_Handler_Table_Limit</name>
         <value>0x3ce0</value>
      </symbol>
      <symbol id="sm-a">
         <name>binit</name>
         <value>0xffffffff</value>
      </symbol>
      <symbol id="sm-b">
         <name>__binit__</name>
         <value>0xffffffff</value>
      </symbol>
      <symbol id="sm-c">
         <name>__STACK_SIZE</name>
         <value>0x200</value>
      </symbol>
      <symbol id="sm-d">
         <name>__STACK_END</name>
         <value>0x20208000</value>
      </symbol>
      <symbol id="sm-e">
         <name>__TI_pprof_out_hndl</name>
         <value>0xffffffff</value>
      </symbol>
      <symbol id="sm-f">
         <name>__TI_prof_data_start</name>
         <value>0xffffffff</value>
      </symbol>
      <symbol id="sm-10">
         <name>__TI_prof_data_size</name>
         <value>0xffffffff</value>
      </symbol>
      <symbol id="sm-97">
         <name>ADC0_IRQHandler</name>
         <value>0x3885</value>
         <object_component_ref idref="oc-34"/>
      </symbol>
      <symbol id="sm-98">
         <name>gAdcReady</name>
         <value>0x2020022f</value>
         <object_component_ref idref="oc-5d"/>
      </symbol>
      <symbol id="sm-99">
         <name>gAdcResult</name>
         <value>0x20200228</value>
         <object_component_ref idref="oc-5e"/>
      </symbol>
      <symbol id="sm-9a">
         <name>UART0_IRQHandler</name>
         <value>0x2ced</value>
         <object_component_ref idref="oc-39"/>
      </symbol>
      <symbol id="sm-9b">
         <name>gHW</name>
         <value>0x20200224</value>
         <object_component_ref idref="oc-68"/>
      </symbol>
      <symbol id="sm-9c">
         <name>gEnergyEJ</name>
         <value>0x20200220</value>
         <object_component_ref idref="oc-6a"/>
      </symbol>
      <symbol id="sm-9d">
         <name>gTempC</name>
         <value>0x2020022c</value>
         <object_component_ref idref="oc-6c"/>
      </symbol>
      <symbol id="sm-9e">
         <name>gClkMHz</name>
         <value>0x2020022a</value>
         <object_component_ref idref="oc-6e"/>
      </symbol>
      <symbol id="sm-9f">
         <name>gRxReady</name>
         <value>0x20200234</value>
         <object_component_ref idref="oc-6f"/>
      </symbol>
      <symbol id="sm-a0">
         <name>main</name>
         <value>0xc1</value>
         <object_component_ref idref="oc-7e"/>
      </symbol>
      <symbol id="sm-a1">
         <name>gBudget</name>
         <value>0x20200230</value>
         <object_component_ref idref="oc-b3"/>
      </symbol>
      <symbol id="sm-d6">
         <name>SYSCFG_DL_init</name>
         <value>0x3721</value>
         <object_component_ref idref="oc-96"/>
      </symbol>
      <symbol id="sm-d7">
         <name>SYSCFG_DL_initPower</name>
         <value>0x3595</value>
         <object_component_ref idref="oc-e2"/>
      </symbol>
      <symbol id="sm-d8">
         <name>SYSCFG_DL_GPIO_init</name>
         <value>0x346d</value>
         <object_component_ref idref="oc-e3"/>
      </symbol>
      <symbol id="sm-d9">
         <name>SYSCFG_DL_SYSCTL_init</name>
         <value>0x3855</value>
         <object_component_ref idref="oc-e4"/>
      </symbol>
      <symbol id="sm-da">
         <name>SYSCFG_DL_PWM_0_init</name>
         <value>0x3389</value>
         <object_component_ref idref="oc-e6"/>
      </symbol>
      <symbol id="sm-db">
         <name>SYSCFG_DL_PWM_1_init</name>
         <value>0x33fd</value>
         <object_component_ref idref="oc-e7"/>
      </symbol>
      <symbol id="sm-dc">
         <name>SYSCFG_DL_UART_0_init</name>
         <value>0x3535</value>
         <object_component_ref idref="oc-e8"/>
      </symbol>
      <symbol id="sm-dd">
         <name>SYSCFG_DL_SPI_0_init</name>
         <value>0x3649</value>
         <object_component_ref idref="oc-e9"/>
      </symbol>
      <symbol id="sm-de">
         <name>SYSCFG_DL_ADC12_0_init</name>
         <value>0x34d5</value>
         <object_component_ref idref="oc-ea"/>
      </symbol>
      <symbol id="sm-df">
         <name>gPWM_0Backup</name>
         <value>0x20200000</value>
      </symbol>
      <symbol id="sm-e0">
         <name>gPWM_1Backup</name>
         <value>0x202000bc</value>
      </symbol>
      <symbol id="sm-e1">
         <name>gSPI_0Backup</name>
         <value>0x202001f8</value>
      </symbol>
      <symbol id="sm-ec">
         <name>Default_Handler</name>
         <value>0x330b</value>
         <object_component_ref idref="oc-33"/>
      </symbol>
      <symbol id="sm-ed">
         <name>Reset_Handler</name>
         <value>0x39a3</value>
         <object_component_ref idref="oc-2f"/>
      </symbol>
      <symbol id="sm-ee">
         <name>interruptVectors</name>
         <value>0x0</value>
         <object_component_ref idref="oc-18"/>
      </symbol>
      <symbol id="sm-ef">
         <name>NMI_Handler</name>
         <value>0x330b</value>
         <object_component_ref idref="oc-33"/>
      </symbol>
      <symbol id="sm-f0">
         <name>HardFault_Handler</name>
         <value>0x330b</value>
         <object_component_ref idref="oc-33"/>
      </symbol>
      <symbol id="sm-f1">
         <name>SVC_Handler</name>
         <value>0x330b</value>
         <object_component_ref idref="oc-33"/>
      </symbol>
      <symbol id="sm-f2">
         <name>PendSV_Handler</name>
         <value>0x330b</value>
         <object_component_ref idref="oc-33"/>
      </symbol>
      <symbol id="sm-f3">
         <name>SysTick_Handler</name>
         <value>0x330b</value>
         <object_component_ref idref="oc-33"/>
      </symbol>
      <symbol id="sm-f4">
         <name>GROUP0_IRQHandler</name>
         <value>0x330b</value>
         <object_component_ref idref="oc-33"/>
      </symbol>
      <symbol id="sm-f5">
         <name>GROUP1_IRQHandler</name>
         <value>0x330b</value>
         <object_component_ref idref="oc-33"/>
      </symbol>
      <symbol id="sm-f6">
         <name>TIMG8_IRQHandler</name>
         <value>0x330b</value>
         <object_component_ref idref="oc-33"/>
      </symbol>
      <symbol id="sm-f7">
         <name>UART3_IRQHandler</name>
         <value>0x330b</value>
         <object_component_ref idref="oc-33"/>
      </symbol>
      <symbol id="sm-f8">
         <name>ADC1_IRQHandler</name>
         <value>0x330b</value>
         <object_component_ref idref="oc-33"/>
      </symbol>
      <symbol id="sm-f9">
         <name>CANFD0_IRQHandler</name>
         <value>0x330b</value>
         <object_component_ref idref="oc-33"/>
      </symbol>
      <symbol id="sm-fa">
         <name>DAC0_IRQHandler</name>
         <value>0x330b</value>
         <object_component_ref idref="oc-33"/>
      </symbol>
      <symbol id="sm-fb">
         <name>SPI0_IRQHandler</name>
         <value>0x330b</value>
         <object_component_ref idref="oc-33"/>
      </symbol>
      <symbol id="sm-fc">
         <name>SPI1_IRQHandler</name>
         <value>0x330b</value>
         <object_component_ref idref="oc-33"/>
      </symbol>
      <symbol id="sm-fd">
         <name>UART1_IRQHandler</name>
         <value>0x330b</value>
         <object_component_ref idref="oc-33"/>
      </symbol>
      <symbol id="sm-fe">
         <name>UART2_IRQHandler</name>
         <value>0x330b</value>
         <object_component_ref idref="oc-33"/>
      </symbol>
      <symbol id="sm-ff">
         <name>TIMG0_IRQHandler</name>
         <value>0x330b</value>
         <object_component_ref idref="oc-33"/>
      </symbol>
      <symbol id="sm-100">
         <name>TIMG6_IRQHandler</name>
         <value>0x330b</value>
         <object_component_ref idref="oc-33"/>
      </symbol>
      <symbol id="sm-101">
         <name>TIMA0_IRQHandler</name>
         <value>0x330b</value>
         <object_component_ref idref="oc-33"/>
      </symbol>
      <symbol id="sm-102">
         <name>TIMA1_IRQHandler</name>
         <value>0x330b</value>
         <object_component_ref idref="oc-33"/>
      </symbol>
      <symbol id="sm-103">
         <name>TIMG7_IRQHandler</name>
         <value>0x330b</value>
         <object_component_ref idref="oc-33"/>
      </symbol>
      <symbol id="sm-104">
         <name>TIMG12_IRQHandler</name>
         <value>0x330b</value>
         <object_component_ref idref="oc-33"/>
      </symbol>
      <symbol id="sm-105">
         <name>I2C0_IRQHandler</name>
         <value>0x330b</value>
         <object_component_ref idref="oc-33"/>
      </symbol>
      <symbol id="sm-106">
         <name>I2C1_IRQHandler</name>
         <value>0x330b</value>
         <object_component_ref idref="oc-33"/>
      </symbol>
      <symbol id="sm-107">
         <name>AES_IRQHandler</name>
         <value>0x330b</value>
         <object_component_ref idref="oc-33"/>
      </symbol>
      <symbol id="sm-108">
         <name>RTC_IRQHandler</name>
         <value>0x330b</value>
         <object_component_ref idref="oc-33"/>
      </symbol>
      <symbol id="sm-109">
         <name>DMA_IRQHandler</name>
         <value>0x330b</value>
         <object_component_ref idref="oc-33"/>
      </symbol>
      <symbol id="sm-10a">
         <name>__TI_ATRegion0_src_addr</name>
         <value>0x0</value>
      </symbol>
      <symbol id="sm-10b">
         <name>__TI_ATRegion0_trg_addr</name>
         <value>0x0</value>
      </symbol>
      <symbol id="sm-10c">
         <name>__TI_ATRegion0_region_sz</name>
         <value>0x0</value>
      </symbol>
      <symbol id="sm-10d">
         <name>__TI_ATRegion1_src_addr</name>
         <value>0x0</value>
      </symbol>
      <symbol id="sm-10e">
         <name>__TI_ATRegion1_trg_addr</name>
         <value>0x0</value>
      </symbol>
      <symbol id="sm-10f">
         <name>__TI_ATRegion1_region_sz</name>
         <value>0x0</value>
      </symbol>
      <symbol id="sm-110">
         <name>__TI_ATRegion2_src_addr</name>
         <value>0x0</value>
      </symbol>
      <symbol id="sm-111">
         <name>__TI_ATRegion2_trg_addr</name>
         <value>0x0</value>
      </symbol>
      <symbol id="sm-112">
         <name>__TI_ATRegion2_region_sz</name>
         <value>0x0</value>
      </symbol>
      <symbol id="sm-11d">
         <name>DL_ADC12_setClockConfig</name>
         <value>0x3765</value>
         <object_component_ref idref="oc-131"/>
      </symbol>
      <symbol id="sm-126">
         <name>DL_Common_delayCycles</name>
         <value>0x3985</value>
         <object_component_ref idref="oc-9b"/>
      </symbol>
      <symbol id="sm-136">
         <name>DL_SPI_init</name>
         <value>0x36dd</value>
         <object_component_ref idref="oc-12e"/>
      </symbol>
      <symbol id="sm-137">
         <name>DL_SPI_setClockConfig</name>
         <value>0x393f</value>
         <object_component_ref idref="oc-12d"/>
      </symbol>
      <symbol id="sm-138">
         <name>DL_SPI_fillTXFIFO8</name>
         <value>0x35f5</value>
         <object_component_ref idref="oc-9f"/>
      </symbol>
      <symbol id="sm-14f">
         <name>DL_Timer_setClockConfig</name>
         <value>0x38f5</value>
         <object_component_ref idref="oc-116"/>
      </symbol>
      <symbol id="sm-150">
         <name>DL_Timer_setCaptureCompareValue</name>
         <value>0x3975</value>
         <object_component_ref idref="oc-11f"/>
      </symbol>
      <symbol id="sm-151">
         <name>DL_Timer_setCaptCompUpdateMethod</name>
         <value>0x38d9</value>
         <object_component_ref idref="oc-11e"/>
      </symbol>
      <symbol id="sm-152">
         <name>DL_Timer_setCaptureCompareOutCtl</name>
         <value>0x3911</value>
         <object_component_ref idref="oc-11d"/>
      </symbol>
      <symbol id="sm-153">
         <name>DL_Timer_initFourCCPWMMode</name>
         <value>0x316d</value>
         <object_component_ref idref="oc-11c"/>
      </symbol>
      <symbol id="sm-160">
         <name>DL_UART_init</name>
         <value>0x3695</value>
         <object_component_ref idref="oc-12a"/>
      </symbol>
      <symbol id="sm-161">
         <name>DL_UART_setClockConfig</name>
         <value>0x3951</value>
         <object_component_ref idref="oc-124"/>
      </symbol>
      <symbol id="sm-16a">
         <name>strstr</name>
         <value>0x3821</value>
         <object_component_ref idref="oc-61"/>
      </symbol>
      <symbol id="sm-174">
         <name>__TI_zero_init_nomemset</name>
         <value>0x3929</value>
         <object_component_ref idref="oc-4d"/>
      </symbol>
      <symbol id="sm-17d">
         <name>__TI_decompress_none</name>
         <value>0x3963</value>
         <object_component_ref idref="oc-20"/>
      </symbol>
      <symbol id="sm-188">
         <name>__TI_decompress_lzss</name>
         <value>0x330d</value>
         <object_component_ref idref="oc-1c"/>
      </symbol>
      <symbol id="sm-193">
         <name>_c_int00_noargs</name>
         <value>0x38b1</value>
         <object_component_ref idref="oc-56"/>
      </symbol>
      <symbol id="sm-194">
         <name>__stack</name>
         <value>0x20207e00</value>
         <object_component_ref idref="oc-1a"/>
      </symbol>
      <symbol id="sm-19f">
         <name>abort</name>
         <value>0x3999</value>
         <object_component_ref idref="oc-c2"/>
      </symbol>
      <symbol id="sm-1ac">
         <name>__TI_auto_init_nobinit_nopinit</name>
         <value>0x37e5</value>
         <object_component_ref idref="oc-c9"/>
      </symbol>
      <symbol id="sm-1b4">
         <name>_system_pre_init</name>
         <value>0x39a7</value>
         <object_component_ref idref="oc-7a"/>
      </symbol>
      <symbol id="sm-1bd">
         <name>HOSTexit</name>
         <value>0x399f</value>
         <object_component_ref idref="oc-105"/>
      </symbol>
      <symbol id="sm-1be">
         <name>C$$EXIT</name>
         <value>0x399e</value>
         <object_component_ref idref="oc-105"/>
      </symbol>
      <symbol id="sm-1c4">
         <name>__aeabi_memcpy</name>
         <value>0x3991</value>
         <object_component_ref idref="oc-46"/>
      </symbol>
      <symbol id="sm-1c5">
         <name>__aeabi_memcpy4</name>
         <value>0x3991</value>
         <object_component_ref idref="oc-46"/>
      </symbol>
      <symbol id="sm-1c6">
         <name>__aeabi_memcpy8</name>
         <value>0x3991</value>
         <object_component_ref idref="oc-46"/>
      </symbol>
      <symbol id="sm-1cc">
         <name>__aeabi_uidiv</name>
         <value>0x37a5</value>
         <object_component_ref idref="oc-b4"/>
      </symbol>
      <symbol id="sm-1cd">
         <name>__aeabi_uidivmod</name>
         <value>0x37a5</value>
         <object_component_ref idref="oc-b4"/>
      </symbol>
      <symbol id="sm-1d7">
         <name>__aeabi_idiv0</name>
         <value>0x3853</value>
         <object_component_ref idref="oc-fc"/>
      </symbol>
      <symbol id="sm-1f0">
         <name>memcpy</name>
         <value>0x3271</value>
         <object_component_ref idref="oc-91"/>
      </symbol>
      <symbol id="sm-1f1">
         <name>__TI_static_base__</name>
         <value>0x0</value>
      </symbol>
      <symbol id="sm-1f4">
         <name>__mpu_init</name>
         <value>0x0</value>
      </symbol>
      <symbol id="sm-1f5">
         <name>_system_post_cinit</name>
         <value>0x0</value>
      </symbol>
   </symbol_table>
   <title>Link successful</title>
</link_info>
